81.222.188.169 - - [04/Sep/2023:07:45:53 +0300] "GET /lib/vendor/min/?g=style.css&path=/themes/lite/config HTTP/1.0" 200 71959 "https://xn--h1adnen0b.com/subcategory/Falloimitatory?utm_referrer=https%3A%2F%2Fyandex.ru%2F" "Mozilla/5.0 (Linux; U; Android 9; ru-ru; Redmi 8 Build/PKQ1.190319.001) AppleWebKit/537.36 (KHTML, like Gecko) Version/4.0 Chrome/100.0.4896.127 Mobile Safari/537.36 XiaoMi/MiuiBrowser/13.14.2-go"
81.222.188.169 - - [04/Sep/2023:07:45:53 +0300] "GET /js/vendor/jquery-2.1.4.min.js?1.14.0 HTTP/1.1" 200 29796 "https://xn--h1adnen0b.com/subcategory/Falloimitatory?utm_referrer=https%3A%2F%2Fyandex.ru%2F" "Mozilla/5.0 (Linux; U; Android 9; ru-ru; Redmi 8 Build/PKQ1.190319.001) AppleWebKit/537.36 (KHTML, like Gecko) Version/4.0 Chrome/100.0.4896.127 Mobile Safari/537.36 XiaoMi/MiuiBrowser/13.14.2-go"
81.222.188.169 - - [04/Sep/2023:07:45:53 +0300] "GET /lib/vendor/min/?f=css/vendor/jquery.raty.css HTTP/1.0" 200 328 "https://xn--h1adnen0b.com/subcategory/Falloimitatory?utm_referrer=https%3A%2F%2Fyandex.ru%2F" "Mozilla/5.0 (Linux; U; Android 9; ru-ru; Redmi 8 Build/PKQ1.190319.001) AppleWebKit/537.36 (KHTML, like Gecko) Version/4.0 Chrome/100.0.4896.127 Mobile Safari/537.36 XiaoMi/MiuiBrowser/13.14.2-go"
81.222.188.169 - - [04/Sep/2023:07:45:53 +0300] "GET /lib/vendor/min/?f=css/style/paginator.css HTTP/1.0" 200 392 "https://xn--h1adnen0b.com/subcategory/Falloimitatory?utm_referrer=https%3A%2F%2Fyandex.ru%2F" "Mozilla/5.0 (Linux; U; Android 9; ru-ru; Redmi 8 Build/PKQ1.190319.001) AppleWebKit/537.36 (KHTML, like Gecko) Version/4.0 Chrome/100.0.4896.127 Mobile Safari/537.36 XiaoMi/MiuiBrowser/13.14.2-go"
81.222.188.169 - - [04/Sep/2023:07:45:53 +0300] "GET /lib/vendor/min/?f=/themes/lite/css/screen-custom.css HTTP/1.0" 200 15390 "https://xn--h1adnen0b.com/subcategory/Falloimitatory?utm_referrer=https%3A%2F%2Fyandex.ru%2F" "Mozilla/5.0 (Linux; U; Android 9; ru-ru; Redmi 8 Build/PKQ1.190319.001) AppleWebKit/537.36 (KHTML, like Gecko) Version/4.0 Chrome/100.0.4896.127 Mobile Safari/537.36 XiaoMi/MiuiBrowser/13.14.2-go"
81.222.188.169 - - [04/Sep/2023:07:45:53 +0300] "GET /js/vendor/jquery-ui-1.11.4/jquery-ui.min.js?1.14.0 HTTP/1.1" 200 64727 "https://xn--h1adnen0b.com/subcategory/Falloimitatory?utm_referrer=https%3A%2F%2Fyandex.ru%2F" "Mozilla/5.0 (Linux; U; Android 9; ru-ru; Redmi 8 Build/PKQ1.190319.001) AppleWebKit/537.36 (KHTML, like Gecko) Version/4.0 Chrome/100.0.4896.127 Mobile Safari/537.36 XiaoMi/MiuiBrowser/13.14.2-go"
81.222.188.169 - - [04/Sep/2023:07:45:53 +0300] "GET /lib/vendor/min/?g=general.js&path=/themes/lite/config HTTP/1.0" 200 58506 "https://xn--h1adnen0b.com/subcategory/Falloimitatory?utm_referrer=https%3A%2F%2Fyandex.ru%2F" "Mozilla/5.0 (Linux; U; Android 9; ru-ru; Redmi 8 Build/PKQ1.190319.001) AppleWebKit/537.36 (KHTML, like Gecko) Version/4.0 Chrome/100.0.4896.127 Mobile Safari/537.36 XiaoMi/MiuiBrowser/13.14.2-go"
81.222.188.169 - - [04/Sep/2023:07:45:54 +0300] "GET /uploaded/logo/lologo7_2.png HTTP/1.1" 200 5618 "https://xn--h1adnen0b.com/subcategory/Falloimitatory?utm_referrer=https%3A%2F%2Fyandex.ru%2F" "Mozilla/5.0 (Linux; U; Android 9; ru-ru; Redmi 8 Build/PKQ1.190319.001) AppleWebKit/537.36 (KHTML, like Gecko) Version/4.0 Chrome/100.0.4896.127 Mobile Safari/537.36 XiaoMi/MiuiBrowser/13.14.2-go"
81.222.188.169 - - [04/Sep/2023:07:45:54 +0300] "GET /css/i/ajax-loader-white.gif HTTP/1.1" 200 10882 "https://xn--h1adnen0b.com/subcategory/Falloimitatory?utm_referrer=https%3A%2F%2Fyandex.ru%2F" "Mozilla/5.0 (Linux; U; Android 9; ru-ru; Redmi 8 Build/PKQ1.190319.001) AppleWebKit/537.36 (KHTML, like Gecko) Version/4.0 Chrome/100.0.4896.127 Mobile Safari/537.36 XiaoMi/MiuiBrowser/13.14.2-go"
81.222.188.169 - - [04/Sep/2023:07:45:54 +0300] "GET /lib/vendor/min/?f=js/vendor/jquery.raty.js HTTP/1.0" 200 3817 "https://xn--h1adnen0b.com/subcategory/Falloimitatory?utm_referrer=https%3A%2F%2Fyandex.ru%2F" "Mozilla/5.0 (Linux; U; Android 9; ru-ru; Redmi 8 Build/PKQ1.190319.001) AppleWebKit/537.36 (KHTML, like Gecko) Version/4.0 Chrome/100.0.4896.127 Mobile Safari/537.36 XiaoMi/MiuiBrowser/13.14.2-go"
81.222.188.169 - - [04/Sep/2023:07:45:54 +0300] "GET /images/sizes.png HTTP/1.1" 200 7668 "https://xn--h1adnen0b.com/subcategory/Falloimitatory?utm_referrer=https%3A%2F%2Fyandex.ru%2F" "Mozilla/5.0 (Linux; U; Android 9; ru-ru; Redmi 8 Build/PKQ1.190319.001) AppleWebKit/537.36 (KHTML, like Gecko) Version/4.0 Chrome/100.0.4896.127 Mobile Safari/537.36 XiaoMi/MiuiBrowser/13.14.2-go"
81.222.188.169 - - [04/Sep/2023:07:45:54 +0300] "GET /lib/vendor/min/?f=js/inner.js HTTP/1.0" 200 668 "https://xn--h1adnen0b.com/subcategory/Falloimitatory?utm_referrer=https%3A%2F%2Fyandex.ru%2F" "Mozilla/5.0 (Linux; U; Android 9; ru-ru; Redmi 8 Build/PKQ1.190319.001) AppleWebKit/537.36 (KHTML, like Gecko) Version/4.0 Chrome/100.0.4896.127 Mobile Safari/537.36 XiaoMi/MiuiBrowser/13.14.2-go"
81.222.188.169 - - [04/Sep/2023:07:45:54 +0300] "GET /css/fonts/glyphicons-halflings-regular.woff2 HTTP/1.0" 200 18028 "https://xn--h1adnen0b.com/lib/vendor/min/?g=style.css&path=/themes/lite/config" "Mozilla/5.0 (Linux; U; Android 9; ru-ru; Redmi 8 Build/PKQ1.190319.001) AppleWebKit/537.36 (KHTML, like Gecko) Version/4.0 Chrome/100.0.4896.127 Mobile Safari/537.36 XiaoMi/MiuiBrowser/13.14.2-go"
81.222.188.169 - - [04/Sep/2023:07:45:54 +0300] "GET /css/vendor/font-awesome/fontawesome-webfont.woff?v=3.2.0 HTTP/1.0" 200 43572 "https://xn--h1adnen0b.com/lib/vendor/min/?g=style.css&path=/themes/lite/config" "Mozilla/5.0 (Linux; U; Android 9; ru-ru; Redmi 8 Build/PKQ1.190319.001) AppleWebKit/537.36 (KHTML, like Gecko) Version/4.0 Chrome/100.0.4896.127 Mobile Safari/537.36 XiaoMi/MiuiBrowser/13.14.2-go"
81.222.188.169 - - [04/Sep/2023:07:45:55 +0300] "GET /packages/ImageSearch/camera.png HTTP/1.1" 200 89888 "https://xn--h1adnen0b.com/subcategory/Falloimitatory?utm_referrer=https%3A%2F%2Fyandex.ru%2F" "Mozilla/5.0 (Linux; U; Android 9; ru-ru; Redmi 8 Build/PKQ1.190319.001) AppleWebKit/537.36 (KHTML, like Gecko) Version/4.0 Chrome/100.0.4896.127 Mobile Safari/537.36 XiaoMi/MiuiBrowser/13.14.2-go"
81.222.188.169 - - [04/Sep/2023:07:45:55 +0300] "GET /favicon.svg HTTP/1.1" 200 1984 "https://xn--h1adnen0b.com/subcategory/Falloimitatory?utm_referrer=https%3A%2F%2Fyandex.ru%2F" "Mozilla/5.0 (Linux; U; Android 9; ru-ru; Redmi 8 Build/PKQ1.190319.001) AppleWebKit/537.36 (KHTML, like Gecko) Version/4.0 Chrome/100.0.4896.127 Mobile Safari/537.36 XiaoMi/MiuiBrowser/13.14.2-go"
81.222.188.169 - - [04/Sep/2023:07:45:55 +0300] "POST /subcategory/Falloimitatory?utm_referrer=https%3A%2F%2Fyandex.ru%2F HTTP/1.0" 200 467796 "https://xn--h1adnen0b.com/subcategory/Falloimitatory?utm_referrer=https%3A%2F%2Fyandex.ru%2F" "Mozilla/5.0 (Linux; U; Android 9; ru-ru; Redmi 8 Build/PKQ1.190319.001) AppleWebKit/537.36 (KHTML, like Gecko) Version/4.0 Chrome/100.0.4896.127 Mobile Safari/537.36 XiaoMi/MiuiBrowser/13.14.2-go"
95.108.213.162 - - [04/Sep/2023:07:45:59 +0300] "GET / HTTP/1.0" 200 5000045 "-" "Mozilla/5.0 (compatible; YandexBot/3.0; +http://yandex.com/bots) AppleWebKit/537.36 (KHTML, like Gecko) Chrome/108.0.0.0"
5.35.130.208 - - [04/Sep/2023:07:46:12 +0300] "GET /subcategory/ZHilety-detskie HTTP/1.0" 200 223 "https://yandex.ru/" "Mozilla/5.0 (Linux; arm_64; Android 13; SM-A515F) AppleWebKit/537.36 (KHTML, like Gecko) Chrome/114.0.0.0 YaApp_Android/23.76.1 YaSearchBrowser/23.76.1 BroPP/1.0 SA/3 Mobile Safari/537.36"
81.222.188.169 - - [04/Sep/2023:07:46:35 +0300] "GET /cron HTTP/1.0" 200 - "https://xn--h1adnen0b.com/subcategory/Falloimitatory?utm_referrer=https%3A%2F%2Fyandex.ru%2F" "Mozilla/5.0 (Linux; U; Android 9; ru-ru; Redmi 8 Build/PKQ1.190319.001) AppleWebKit/537.36 (KHTML, like Gecko) Version/4.0 Chrome/100.0.4896.127 Mobile Safari/537.36 XiaoMi/MiuiBrowser/13.14.2-go"
185.123.47.216 - - [04/Sep/2023:07:48:01 +0300] "POST /admin/?cmd=Reports&do=getStatistic HTTP/1.0" 200 249 "https://xn--h1adnen0b.com/admin/?cmd=Reports&do=default" "Mozilla/5.0 (Windows NT 10.0; Win64; x64) AppleWebKit/537.36 (KHTML, like Gecko) Chrome/114.0.0.0 YaBrowser/23.7.4.971 Yowser/2.5 Safari/537.36"
213.183.236.17 - - [04/Sep/2023:07:48:51 +0300] "GET / HTTP/1.0" 200 223 "-" "-"
185.123.47.216 - - [04/Sep/2023:07:49:01 +0300] "POST /admin/?cmd=Reports&do=getStatistic HTTP/1.0" 200 249 "https://xn--h1adnen0b.com/admin/?cmd=Reports&do=default" "Mozilla/5.0 (Windows NT 10.0; Win64; x64) AppleWebKit/537.36 (KHTML, like Gecko) Chrome/114.0.0.0 YaBrowser/23.7.4.971 Yowser/2.5 Safari/537.36"
185.123.47.216 - - [04/Sep/2023:07:50:02 +0300] "POST /admin/?cmd=Reports&do=getStatistic HTTP/1.0" 200 249 "https://xn--h1adnen0b.com/admin/?cmd=Reports&do=default" "Mozilla/5.0 (Windows NT 10.0; Win64; x64) AppleWebKit/537.36 (KHTML, like Gecko) Chrome/114.0.0.0 YaBrowser/23.7.4.971 Yowser/2.5 Safari/537.36"
185.123.47.216 - - [04/Sep/2023:07:51:00 +0300] "POST /admin/?cmd=Reports&do=getStatistic HTTP/1.0" 200 249 "https://xn--h1adnen0b.com/admin/?cmd=Reports&do=default" "Mozilla/5.0 (Windows NT 10.0; Win64; x64) AppleWebKit/537.36 (KHTML, like Gecko) Chrome/114.0.0.0 YaBrowser/23.7.4.971 Yowser/2.5 Safari/537.36"
213.180.203.185 - - [04/Sep/2023:07:51:33 +0300] "GET /subcategory/otc-31512 HTTP/1.0" 200 2517453 "-" "Mozilla/5.0 (compatible; YandexBot/3.0; +http://yandex.com/bots)"
81.222.188.169 - - [04/Sep/2023:07:51:35 +0300] "GET /i/hearts/level_11.gif HTTP/1.1" 200 642 "https://xn--h1adnen0b.com/lib/vendor/min/?g=style.css&path=/themes/lite/config" "Mozilla/5.0 (Linux; U; Android 9; ru-ru; Redmi 8 Build/PKQ1.190319.001) AppleWebKit/537.36 (KHTML, like Gecko) Version/4.0 Chrome/100.0.4896.127 Mobile Safari/537.36 XiaoMi/MiuiBrowser/13.14.2-go"
81.222.188.169 - - [04/Sep/2023:07:51:35 +0300] "GET /item?id=abb-597547161254 HTTP/1.0" 200 2610434 "https://xn--h1adnen0b.com/subcategory/Falloimitatory?utm_referrer=https%3A%2F%2Fyandex.ru%2F" "Mozilla/5.0 (Linux; U; Android 9; ru-ru; Redmi 8 Build/PKQ1.190319.001) AppleWebKit/537.36 (KHTML, like Gecko) Version/4.0 Chrome/100.0.4896.127 Mobile Safari/537.36 XiaoMi/MiuiBrowser/13.14.2-go"
81.222.188.169 - - [04/Sep/2023:07:51:37 +0300] "GET /i/ajax-loader-transparent.gif HTTP/1.1" 200 3208 "https://xn--h1adnen0b.com/item?id=abb-597547161254" "Mozilla/5.0 (Linux; U; Android 9; ru-ru; Redmi 8 Build/PKQ1.190319.001) AppleWebKit/537.36 (KHTML, like Gecko) Version/4.0 Chrome/100.0.4896.127 Mobile Safari/537.36 XiaoMi/MiuiBrowser/13.14.2-go"
81.222.188.169 - - [04/Sep/2023:07:51:37 +0300] "GET /js/item.js?1.14.0 HTTP/1.1" 200 8499 "https://xn--h1adnen0b.com/item?id=abb-597547161254" "Mozilla/5.0 (Linux; U; Android 9; ru-ru; Redmi 8 Build/PKQ1.190319.001) AppleWebKit/537.36 (KHTML, like Gecko) Version/4.0 Chrome/100.0.4896.127 Mobile Safari/537.36 XiaoMi/MiuiBrowser/13.14.2-go"
81.222.188.169 - - [04/Sep/2023:07:51:37 +0300] "GET /css/i/product-background.png HTTP/1.1" 200 6506 "https://xn--h1adnen0b.com/lib/vendor/min/?g=style.css&path=/themes/lite/config" "Mozilla/5.0 (Linux; U; Android 9; ru-ru; Redmi 8 Build/PKQ1.190319.001) AppleWebKit/537.36 (KHTML, like Gecko) Version/4.0 Chrome/100.0.4896.127 Mobile Safari/537.36 XiaoMi/MiuiBrowser/13.14.2-go"
81.222.188.169 - - [04/Sep/2023:07:51:37 +0300] "GET /css/i/background.png HTTP/1.1" 200 22394 "https://xn--h1adnen0b.com/lib/vendor/min/?g=style.css&path=/themes/lite/config" "Mozilla/5.0 (Linux; U; Android 9; ru-ru; Redmi 8 Build/PKQ1.190319.001) AppleWebKit/537.36 (KHTML, like Gecko) Version/4.0 Chrome/100.0.4896.127 Mobile Safari/537.36 XiaoMi/MiuiBrowser/13.14.2-go"
81.222.188.169 - - [04/Sep/2023:07:51:37 +0300] "GET /css/vendor/jquery.raty.css?1.14.0 HTTP/1.1" 200 973 "https://xn--h1adnen0b.com/item?id=abb-597547161254" "Mozilla/5.0 (Linux; U; Android 9; ru-ru; Redmi 8 Build/PKQ1.190319.001) AppleWebKit/537.36 (KHTML, like Gecko) Version/4.0 Chrome/100.0.4896.127 Mobile Safari/537.36 XiaoMi/MiuiBrowser/13.14.2-go"
81.222.188.169 - - [04/Sep/2023:07:51:37 +0300] "GET /js/vendor/jquery.raty.js?1.14.0 HTTP/1.1" 200 4543 "https://xn--h1adnen0b.com/item?id=abb-597547161254" "Mozilla/5.0 (Linux; U; Android 9; ru-ru; Redmi 8 Build/PKQ1.190319.001) AppleWebKit/537.36 (KHTML, like Gecko) Version/4.0 Chrome/100.0.4896.127 Mobile Safari/537.36 XiaoMi/MiuiBrowser/13.14.2-go"
81.222.188.169 - - [04/Sep/2023:07:51:38 +0300] "GET /css/i/i.png HTTP/1.1" 200 15124 "https://xn--h1adnen0b.com/lib/vendor/min/?g=style.css&path=/themes/lite/config" "Mozilla/5.0 (Linux; U; Android 9; ru-ru; Redmi 8 Build/PKQ1.190319.001) AppleWebKit/537.36 (KHTML, like Gecko) Version/4.0 Chrome/100.0.4896.127 Mobile Safari/537.36 XiaoMi/MiuiBrowser/13.14.2-go"
81.222.188.169 - - [04/Sep/2023:07:51:38 +0300] "GET /lib/vendor/min/?f=js/pages/itemreviews.js HTTP/1.0" 200 1856 "https://xn--h1adnen0b.com/item?id=abb-597547161254" "Mozilla/5.0 (Linux; U; Android 9; ru-ru; Redmi 8 Build/PKQ1.190319.001) AppleWebKit/537.36 (KHTML, like Gecko) Version/4.0 Chrome/100.0.4896.127 Mobile Safari/537.36 XiaoMi/MiuiBrowser/13.14.2-go"
81.222.188.169 - - [04/Sep/2023:07:51:38 +0300] "GET /css/i/checked.png HTTP/1.1" 200 271 "https://xn--h1adnen0b.com/lib/vendor/min/?g=style.css&path=/themes/lite/config" "Mozilla/5.0 (Linux; U; Android 9; ru-ru; Redmi 8 Build/PKQ1.190319.001) AppleWebKit/537.36 (KHTML, like Gecko) Version/4.0 Chrome/100.0.4896.127 Mobile Safari/537.36 XiaoMi/MiuiBrowser/13.14.2-go"
81.222.188.169 - - [04/Sep/2023:07:51:39 +0300] "GET /css/i/default-image.gif HTTP/1.1" 200 3199 "https://xn--h1adnen0b.com/item?id=abb-597547161254" "Mozilla/5.0 (Linux; U; Android 9; ru-ru; Redmi 8 Build/PKQ1.190319.001) AppleWebKit/537.36 (KHTML, like Gecko) Version/4.0 Chrome/100.0.4896.127 Mobile Safari/537.36 XiaoMi/MiuiBrowser/13.14.2-go"
81.222.188.169 - - [04/Sep/2023:07:51:39 +0300] "POST /?p=getprice HTTP/1.0" 200 3693 "https://xn--h1adnen0b.com/item?id=abb-597547161254" "Mozilla/5.0 (Linux; U; Android 9; ru-ru; Redmi 8 Build/PKQ1.190319.001) AppleWebKit/537.36 (KHTML, like Gecko) Version/4.0 Chrome/100.0.4896.127 Mobile Safari/537.36 XiaoMi/MiuiBrowser/13.14.2-go"
185.123.47.216 - - [04/Sep/2023:07:52:00 +0300] "POST /admin/?cmd=Reports&do=getStatistic HTTP/1.0" 200 249 "https://xn--h1adnen0b.com/admin/?cmd=Reports&do=default" "Mozilla/5.0 (Windows NT 10.0; Win64; x64) AppleWebKit/537.36 (KHTML, like Gecko) Chrome/114.0.0.0 YaBrowser/23.7.4.971 Yowser/2.5 Safari/537.36"
81.222.188.169 - - [04/Sep/2023:07:52:29 +0300] "GET /cron HTTP/1.0" 200 - "https://xn--h1adnen0b.com/item?id=abb-597547161254" "Mozilla/5.0 (Linux; U; Android 9; ru-ru; Redmi 8 Build/PKQ1.190319.001) AppleWebKit/537.36 (KHTML, like Gecko) Version/4.0 Chrome/100.0.4896.127 Mobile Safari/537.36 XiaoMi/MiuiBrowser/13.14.2-go"
81.222.188.169 - - [04/Sep/2023:07:52:33 +0300] "GET /item?id=abb-597547161254 HTTP/1.0" 200 2610434 "https://xn--h1adnen0b.com/subcategory/Falloimitatory?utm_referrer=https%3A%2F%2Fyandex.ru%2F" "Mozilla/5.0 (Linux; U; Android 9; ru-ru; Redmi 8 Build/PKQ1.190319.001) AppleWebKit/537.36 (KHTML, like Gecko) Version/4.0 Chrome/100.0.4896.127 Mobile Safari/537.36 XiaoMi/MiuiBrowser/13.14.2-go"
81.222.188.169 - - [04/Sep/2023:07:52:39 +0300] "POST /?p=getprice HTTP/1.0" 200 3693 "https://xn--h1adnen0b.com/item?id=abb-597547161254" "Mozilla/5.0 (Linux; U; Android 9; ru-ru; Redmi 8 Build/PKQ1.190319.001) AppleWebKit/537.36 (KHTML, like Gecko) Version/4.0 Chrome/100.0.4896.127 Mobile Safari/537.36 XiaoMi/MiuiBrowser/13.14.2-go"
185.123.47.216 - - [04/Sep/2023:07:53:04 +0300] "POST /admin/?cmd=Reports&do=getStatistic HTTP/1.0" 200 249 "https://xn--h1adnen0b.com/admin/?cmd=Reports&do=default" "Mozilla/5.0 (Windows NT 10.0; Win64; x64) AppleWebKit/537.36 (KHTML, like Gecko) Chrome/114.0.0.0 YaBrowser/23.7.4.971 Yowser/2.5 Safari/537.36"
81.222.188.169 - - [04/Sep/2023:07:53:27 +0300] "GET /cron HTTP/1.0" 200 - "https://xn--h1adnen0b.com/item?id=abb-597547161254" "Mozilla/5.0 (Linux; U; Android 9; ru-ru; Redmi 8 Build/PKQ1.190319.001) AppleWebKit/537.36 (KHTML, like Gecko) Version/4.0 Chrome/100.0.4896.127 Mobile Safari/537.36 XiaoMi/MiuiBrowser/13.14.2-go"
87.250.224.53 - - [04/Sep/2023:07:53:35 +0300] "GET /subcategory/Detskaya-odezhda HTTP/1.0" 200 2517136 "-" "Mozilla/5.0 (compatible; YandexBot/3.0; +http://yandex.com/bots) AppleWebKit/537.36 (KHTML, like Gecko) Chrome/108.0.0.0"
5.255.231.246 - - [04/Sep/2023:07:53:38 +0300] "POST /subcategory/Detskaya-odezhda HTTP/1.0" 200 45194 "https://xn--h1adnen0b.com/subcategory/Detskaya-odezhda" "Mozilla/5.0 (compatible; YandexRenderResourcesBot/1.0; +http://yandex.com/bots) AppleWebKit/537.36 (KHTML, like Gecko) Chrome/108.0.0.0"
5.255.231.94 - - [04/Sep/2023:07:53:48 +0300] "GET / HTTP/1.1" 301 162 "-" "Mozilla/5.0 (compatible; YandexMetrika/2.0; +http://yandex.com/bots yabs01)"
5.255.231.92 - - [04/Sep/2023:07:53:49 +0300] "GET / HTTP/1.0" 200 5000045 "-" "Mozilla/5.0 (compatible; YandexMetrika/2.0; +http://yandex.com/bots yabs01)"
87.250.224.51 - - [04/Sep/2023:07:53:50 +0300] "GET /subcategory/pokryvala-i-chehly-dlya-divana-kresel-otc-4553 HTTP/1.0" 200 2517407 "-" "Mozilla/5.0 (compatible; YandexBot/3.0; +http://yandex.com/bots)"
185.123.47.216 - - [04/Sep/2023:07:54:00 +0300] "POST /admin/?cmd=Reports&do=getStatistic HTTP/1.0" 200 249 "https://xn--h1adnen0b.com/admin/?cmd=Reports&do=default" "Mozilla/5.0 (Windows NT 10.0; Win64; x64) AppleWebKit/537.36 (KHTML, like Gecko) Chrome/114.0.0.0 YaBrowser/23.7.4.971 Yowser/2.5 Safari/537.36"
5.255.231.182 - - [04/Sep/2023:07:54:03 +0300] "GET /subcategory/ZHilety-detskie HTTP/1.0" 200 2517236 "-" "Mozilla/5.0 (compatible; YandexBot/3.0; +http://yandex.com/bots) AppleWebKit/537.36 (KHTML, like Gecko) Chrome/108.0.0.0"
81.222.188.169 - - [04/Sep/2023:07:54:22 +0300] "GET /i/hearts/level_12.gif HTTP/1.1" 200 782 "https://xn--h1adnen0b.com/lib/vendor/min/?g=style.css&path=/themes/lite/config" "Mozilla/5.0 (Linux; U; Android 9; ru-ru; Redmi 8 Build/PKQ1.190319.001) AppleWebKit/537.36 (KHTML, like Gecko) Version/4.0 Chrome/100.0.4896.127 Mobile Safari/537.36 XiaoMi/MiuiBrowser/13.14.2-go"
81.222.188.169 - - [04/Sep/2023:07:54:22 +0300] "GET /item?id=abb-571186450613 HTTP/1.0" 200 2548059 "https://xn--h1adnen0b.com/subcategory/Falloimitatory?utm_referrer=https%3A%2F%2Fyandex.ru%2F" "Mozilla/5.0 (Linux; U; Android 9; ru-ru; Redmi 8 Build/PKQ1.190319.001) AppleWebKit/537.36 (KHTML, like Gecko) Version/4.0 Chrome/100.0.4896.127 Mobile Safari/537.36 XiaoMi/MiuiBrowser/13.14.2-go"
81.222.188.169 - - [04/Sep/2023:07:54:26 +0300] "POST /?p=getprice HTTP/1.0" 200 3695 "https://xn--h1adnen0b.com/item?id=abb-571186450613" "Mozilla/5.0 (Linux; U; Android 9; ru-ru; Redmi 8 Build/PKQ1.190319.001) AppleWebKit/537.36 (KHTML, like Gecko) Version/4.0 Chrome/100.0.4896.127 Mobile Safari/537.36 XiaoMi/MiuiBrowser/13.14.2-go"
213.180.203.45 - - [04/Sep/2023:07:54:37 +0300] "POST /subcategory/ZHilety-detskie HTTP/1.0" 200 390138 "https://xn--h1adnen0b.com/subcategory/ZHilety-detskie" "Mozilla/5.0 (compatible; YandexRenderResourcesBot/1.0; +http://yandex.com/bots) AppleWebKit/537.36 (KHTML, like Gecko) Chrome/108.0.0.0"
46.0.202.92 - - [04/Sep/2023:07:54:56 +0300] "GET /item?id=543451792250&utm_referrer=https%3A%2F%2Fxn--h1adnen0b.com%2Fsubcategory%2Fotc-32090%3Ffrom%3D200 HTTP/1.0" 200 7234 "-" "Mozilla/5.0 (Windows NT 10.0; Win64; x64) AppleWebKit/537.36 (KHTML, like Gecko) Chrome/114.0.0.0 YaBrowser/23.7.4.971 Yowser/2.5 Safari/537.36"
46.0.202.92 - - [04/Sep/2023:07:54:57 +0300] "POST /robots.txt HTTP/1.0" 200 15528 "https://xn--h1adnen0b.com/item?id=543451792250&utm_referrer=https%3A%2F%2Fxn--h1adnen0b.com%2Fsubcategory%2Fotc-32090%3Ffrom%3D200" "Mozilla/5.0 (Windows NT 10.0; Win64; x64) AppleWebKit/537.36 (KHTML, like Gecko) Chrome/114.0.0.0 YaBrowser/23.7.4.971 Yowser/2.5 Safari/537.36"
185.123.47.216 - - [04/Sep/2023:07:55:00 +0300] "POST /admin/?cmd=Reports&do=getStatistic HTTP/1.0" 200 249 "https://xn--h1adnen0b.com/admin/?cmd=Reports&do=default" "Mozilla/5.0 (Windows NT 10.0; Win64; x64) AppleWebKit/537.36 (KHTML, like Gecko) Chrome/114.0.0.0 YaBrowser/23.7.4.971 Yowser/2.5 Safari/537.36"
81.222.188.169 - - [04/Sep/2023:07:55:16 +0300] "GET /cron HTTP/1.0" 200 - "https://xn--h1adnen0b.com/item?id=abb-571186450613" "Mozilla/5.0 (Linux; U; Android 9; ru-ru; Redmi 8 Build/PKQ1.190319.001) AppleWebKit/537.36 (KHTML, like Gecko) Version/4.0 Chrome/100.0.4896.127 Mobile Safari/537.36 XiaoMi/MiuiBrowser/13.14.2-go"
81.222.188.169 - - [04/Sep/2023:07:55:16 +0300] "POST /subcategory/Falloimitatory?utm_referrer=https%3A%2F%2Fyandex.ru%2F HTTP/1.0" 200 464608 "https://xn--h1adnen0b.com/subcategory/Falloimitatory?utm_referrer=https%3A%2F%2Fyandex.ru%2F" "Mozilla/5.0 (Linux; U; Android 9; ru-ru; Redmi 8 Build/PKQ1.190319.001) AppleWebKit/537.36 (KHTML, like Gecko) Version/4.0 Chrome/100.0.4896.127 Mobile Safari/537.36 XiaoMi/MiuiBrowser/13.14.2-go"
81.222.188.169 - - [04/Sep/2023:07:55:21 +0300] "POST /subcategory/Falloimitatory?utm_referrer=https%3A%2F%2Fyandex.ru%2F HTTP/1.0" 200 464608 "https://xn--h1adnen0b.com/subcategory/Falloimitatory?utm_referrer=https%3A%2F%2Fyandex.ru%2F" "Mozilla/5.0 (Linux; U; Android 9; ru-ru; Redmi 8 Build/PKQ1.190319.001) AppleWebKit/537.36 (KHTML, like Gecko) Version/4.0 Chrome/100.0.4896.127 Mobile Safari/537.36 XiaoMi/MiuiBrowser/13.14.2-go"
81.222.188.169 - - [04/Sep/2023:07:55:25 +0300] "POST /subcategory/Falloimitatory?utm_referrer=https%3A%2F%2Fyandex.ru%2F HTTP/1.0" 200 468420 "https://xn--h1adnen0b.com/subcategory/Falloimitatory?utm_referrer=https%3A%2F%2Fyandex.ru%2F" "Mozilla/5.0 (Linux; U; Android 9; ru-ru; Redmi 8 Build/PKQ1.190319.001) AppleWebKit/537.36 (KHTML, like Gecko) Version/4.0 Chrome/100.0.4896.127 Mobile Safari/537.36 XiaoMi/MiuiBrowser/13.14.2-go"
81.222.188.169 - - [04/Sep/2023:07:55:28 +0300] "POST /subcategory/Falloimitatory?utm_referrer=https%3A%2F%2Fyandex.ru%2F HTTP/1.0" 200 464608 "https://xn--h1adnen0b.com/subcategory/Falloimitatory?utm_referrer=https%3A%2F%2Fyandex.ru%2F" "Mozilla/5.0 (Linux; U; Android 9; ru-ru; Redmi 8 Build/PKQ1.190319.001) AppleWebKit/537.36 (KHTML, like Gecko) Version/4.0 Chrome/100.0.4896.127 Mobile Safari/537.36 XiaoMi/MiuiBrowser/13.14.2-go"
81.222.188.169 - - [04/Sep/2023:07:55:36 +0300] "POST /subcategory/Falloimitatory?utm_referrer=https%3A%2F%2Fyandex.ru%2F HTTP/1.0" 200 466907 "https://xn--h1adnen0b.com/subcategory/Falloimitatory?utm_referrer=https%3A%2F%2Fyandex.ru%2F" "Mozilla/5.0 (Linux; U; Android 9; ru-ru; Redmi 8 Build/PKQ1.190319.001) AppleWebKit/537.36 (KHTML, like Gecko) Version/4.0 Chrome/100.0.4896.127 Mobile Safari/537.36 XiaoMi/MiuiBrowser/13.14.2-go"
81.222.188.169 - - [04/Sep/2023:07:55:37 +0300] "GET /subcategory/Falloimitatory HTTP/1.0" 200 2519315 "https://yandex.ru/" "Mozilla/5.0 (Linux; U; Android 9; ru-ru; Redmi 8 Build/PKQ1.190319.001) AppleWebKit/537.36 (KHTML, like Gecko) Version/4.0 Chrome/100.0.4896.127 Mobile Safari/537.36 XiaoMi/MiuiBrowser/13.14.2-go"
81.222.188.169 - - [04/Sep/2023:07:55:40 +0300] "POST /subcategory/Falloimitatory HTTP/1.0" 200 455968 "https://xn--h1adnen0b.com/subcategory/Falloimitatory" "Mozilla/5.0 (Linux; U; Android 9; ru-ru; Redmi 8 Build/PKQ1.190319.001) AppleWebKit/537.36 (KHTML, like Gecko) Version/4.0 Chrome/100.0.4896.127 Mobile Safari/537.36 XiaoMi/MiuiBrowser/13.14.2-go"
185.123.47.216 - - [04/Sep/2023:07:56:00 +0300] "POST /admin/?cmd=Reports&do=getStatistic HTTP/1.0" 200 249 "https://xn--h1adnen0b.com/admin/?cmd=Reports&do=default" "Mozilla/5.0 (Windows NT 10.0; Win64; x64) AppleWebKit/537.36 (KHTML, like Gecko) Chrome/114.0.0.0 YaBrowser/23.7.4.971 Yowser/2.5 Safari/537.36"
81.222.188.169 - - [04/Sep/2023:07:56:26 +0300] "GET /cron HTTP/1.0" 200 - "https://xn--h1adnen0b.com/subcategory/Falloimitatory" "Mozilla/5.0 (Linux; U; Android 9; ru-ru; Redmi 8 Build/PKQ1.190319.001) AppleWebKit/537.36 (KHTML, like Gecko) Version/4.0 Chrome/100.0.4896.127 Mobile Safari/537.36 XiaoMi/MiuiBrowser/13.14.2-go"
185.123.47.216 - - [04/Sep/2023:07:57:00 +0300] "POST /admin/?cmd=Reports&do=getStatistic HTTP/1.0" 200 249 "https://xn--h1adnen0b.com/admin/?cmd=Reports&do=default" "Mozilla/5.0 (Windows NT 10.0; Win64; x64) AppleWebKit/537.36 (KHTML, like Gecko) Chrome/114.0.0.0 YaBrowser/23.7.4.971 Yowser/2.5 Safari/537.36"
185.123.47.216 - - [04/Sep/2023:07:58:00 +0300] "POST /admin/?cmd=Reports&do=getStatistic HTTP/1.0" 200 249 "https://xn--h1adnen0b.com/admin/?cmd=Reports&do=default" "Mozilla/5.0 (Windows NT 10.0; Win64; x64) AppleWebKit/537.36 (KHTML, like Gecko) Chrome/114.0.0.0 YaBrowser/23.7.4.971 Yowser/2.5 Safari/537.36"
216.244.66.239 - - [04/Sep/2023:07:58:40 +0300] "GET /robots.txt HTTP/1.1" 301 162 "-" "Mozilla/5.0 (compatible; DotBot/1.2; +https://opensiteexplorer.org/dotbot; help@moz.com)"
216.244.66.239 - - [04/Sep/2023:07:58:40 +0300] "GET /robots.txt HTTP/1.0" 403 212 "-" "Mozilla/5.0 (compatible; DotBot/1.2; +https://opensiteexplorer.org/dotbot; help@moz.com)"
185.123.47.216 - - [04/Sep/2023:07:59:03 +0300] "POST /admin/?cmd=Reports&do=getStatistic HTTP/1.0" 200 249 "https://xn--h1adnen0b.com/admin/?cmd=Reports&do=default" "Mozilla/5.0 (Windows NT 10.0; Win64; x64) AppleWebKit/537.36 (KHTML, like Gecko) Chrome/114.0.0.0 YaBrowser/23.7.4.971 Yowser/2.5 Safari/537.36"
87.249.53.194 - - [04/Sep/2023:07:59:43 +0300] "GET /subcategory/Botinki-muzhskie-CHelsi HTTP/1.0" 200 223 "-" "Ktor client"
185.123.47.216 - - [04/Sep/2023:08:00:00 +0300] "POST /admin/?cmd=Reports&do=getStatistic HTTP/1.0" 200 249 "https://xn--h1adnen0b.com/admin/?cmd=Reports&do=default" "Mozilla/5.0 (Windows NT 10.0; Win64; x64) AppleWebKit/537.36 (KHTML, like Gecko) Chrome/114.0.0.0 YaBrowser/23.7.4.971 Yowser/2.5 Safari/537.36"
85.172.104.85 - - [04/Sep/2023:08:00:27 +0300] "GET / HTTP/1.0" 200 6865 "-" "Mozilla/5.0 (Windows NT 5.1; rv:52.0) Gecko/20100101 Firefox/52.0"
185.123.47.216 - - [04/Sep/2023:08:01:00 +0300] "POST /admin/?cmd=Reports&do=getStatistic HTTP/1.0" 200 249 "https://xn--h1adnen0b.com/admin/?cmd=Reports&do=default" "Mozilla/5.0 (Windows NT 10.0; Win64; x64) AppleWebKit/537.36 (KHTML, like Gecko) Chrome/114.0.0.0 YaBrowser/23.7.4.971 Yowser/2.5 Safari/537.36"
185.123.47.216 - - [04/Sep/2023:08:02:00 +0300] "POST /admin/?cmd=Reports&do=getStatistic HTTP/1.0" 200 249 "https://xn--h1adnen0b.com/admin/?cmd=Reports&do=default" "Mozilla/5.0 (Windows NT 10.0; Win64; x64) AppleWebKit/537.36 (KHTML, like Gecko) Chrome/114.0.0.0 YaBrowser/23.7.4.971 Yowser/2.5 Safari/537.36"
185.123.47.216 - - [04/Sep/2023:08:03:00 +0300] "POST /admin/?cmd=Reports&do=getStatistic HTTP/1.0" 200 249 "https://xn--h1adnen0b.com/admin/?cmd=Reports&do=default" "Mozilla/5.0 (Windows NT 10.0; Win64; x64) AppleWebKit/537.36 (KHTML, like Gecko) Chrome/114.0.0.0 YaBrowser/23.7.4.971 Yowser/2.5 Safari/537.36"
185.123.47.216 - - [04/Sep/2023:08:04:00 +0300] "POST /admin/?cmd=Reports&do=getStatistic HTTP/1.0" 200 249 "https://xn--h1adnen0b.com/admin/?cmd=Reports&do=default" "Mozilla/5.0 (Windows NT 10.0; Win64; x64) AppleWebKit/537.36 (KHTML, like Gecko) Chrome/114.0.0.0 YaBrowser/23.7.4.971 Yowser/2.5 Safari/537.36"
185.123.47.216 - - [04/Sep/2023:08:05:00 +0300] "POST /admin/?cmd=Reports&do=getStatistic HTTP/1.0" 200 249 "https://xn--h1adnen0b.com/admin/?cmd=Reports&do=default" "Mozilla/5.0 (Windows NT 10.0; Win64; x64) AppleWebKit/537.36 (KHTML, like Gecko) Chrome/114.0.0.0 YaBrowser/23.7.4.971 Yowser/2.5 Safari/537.36"
5.255.231.137 - - [04/Sep/2023:08:05:35 +0300] "GET / HTTP/1.1" 301 162 "-" "Mozilla/5.0 (compatible; YandexMetrika/2.0; +http://yandex.com/bots yabs01)"
95.108.213.82 - - [04/Sep/2023:08:05:35 +0300] "GET / HTTP/1.0" 200 5000045 "-" "Mozilla/5.0 (compatible; YandexMetrika/2.0; +http://yandex.com/bots yabs01)"
185.123.47.216 - - [04/Sep/2023:08:06:00 +0300] "POST /admin/?cmd=Reports&do=getStatistic HTTP/1.0" 200 249 "https://xn--h1adnen0b.com/admin/?cmd=Reports&do=default" "Mozilla/5.0 (Windows NT 10.0; Win64; x64) AppleWebKit/537.36 (KHTML, like Gecko) Chrome/114.0.0.0 YaBrowser/23.7.4.971 Yowser/2.5 Safari/537.36"
5.255.231.160 - - [04/Sep/2023:08:06:52 +0300] "GET /subcategory/Uplotnitelnaya-rezinka HTTP/1.0" 200 2517465 "-" "Mozilla/5.0 (compatible; YandexBot/3.0; +http://yandex.com/bots) AppleWebKit/537.36 (KHTML, like Gecko) Chrome/108.0.0.0"
185.123.47.216 - - [04/Sep/2023:08:07:00 +0300] "POST /admin/?cmd=Reports&do=getStatistic HTTP/1.0" 200 249 "https://xn--h1adnen0b.com/admin/?cmd=Reports&do=default" "Mozilla/5.0 (Windows NT 10.0; Win64; x64) AppleWebKit/537.36 (KHTML, like Gecko) Chrome/114.0.0.0 YaBrowser/23.7.4.971 Yowser/2.5 Safari/537.36"
5.255.231.61 - - [04/Sep/2023:08:07:32 +0300] "GET /subcategory/Detskaya-odezhda HTTP/1.0" 200 2517136 "-" "Mozilla/5.0 (compatible; YandexBot/3.0; +http://yandex.com/bots) AppleWebKit/537.36 (KHTML, like Gecko) Chrome/108.0.0.0"
93.171.156.35 - - [04/Sep/2023:08:07:19 +0300] "GET /item?id=643159690169 HTTP/1.0" 200 2506791 "https://xn--h1adnen0b.com/item?id=643159690169" "Mozilla/5.0 (Windows NT 6.1; Win64; x64) AppleWebKit/537.36 (KHTML, like Gecko) Chrome/114.0.0.0 YaBrowser/23.7.4.971 Yowser/2.5 Safari/537.36"
93.171.156.35 - - [04/Sep/2023:08:07:35 +0300] "GET /lib/vendor/min/?g=style.css&path=/themes/lite/config HTTP/1.0" 304 - "https://xn--h1adnen0b.com/item?id=643159690169" "Mozilla/5.0 (Windows NT 6.1; Win64; x64) AppleWebKit/537.36 (KHTML, like Gecko) Chrome/114.0.0.0 YaBrowser/23.7.4.971 Yowser/2.5 Safari/537.36"
93.171.156.35 - - [04/Sep/2023:08:07:35 +0300] "GET /lib/vendor/min/?f=css/style/paginator.css HTTP/1.0" 304 - "https://xn--h1adnen0b.com/item?id=643159690169" "Mozilla/5.0 (Windows NT 6.1; Win64; x64) AppleWebKit/537.36 (KHTML, like Gecko) Chrome/114.0.0.0 YaBrowser/23.7.4.971 Yowser/2.5 Safari/537.36"
93.171.156.35 - - [04/Sep/2023:08:07:35 +0300] "GET /lib/vendor/min/?f=/themes/lite/css/screen-custom.css HTTP/1.0" 304 - "https://xn--h1adnen0b.com/item?id=643159690169" "Mozilla/5.0 (Windows NT 6.1; Win64; x64) AppleWebKit/537.36 (KHTML, like Gecko) Chrome/114.0.0.0 YaBrowser/23.7.4.971 Yowser/2.5 Safari/537.36"
93.171.156.35 - - [04/Sep/2023:08:07:36 +0300] "GET /lib/vendor/min/?g=general.js&path=/themes/lite/config HTTP/1.0" 304 - "https://xn--h1adnen0b.com/item?id=643159690169" "Mozilla/5.0 (Windows NT 6.1; Win64; x64) AppleWebKit/537.36 (KHTML, like Gecko) Chrome/114.0.0.0 YaBrowser/23.7.4.971 Yowser/2.5 Safari/537.36"
93.171.156.35 - - [04/Sep/2023:08:07:36 +0300] "GET /lib/vendor/min/?f=js/inner.js HTTP/1.0" 304 - "https://xn--h1adnen0b.com/item?id=643159690169" "Mozilla/5.0 (Windows NT 6.1; Win64; x64) AppleWebKit/537.36 (KHTML, like Gecko) Chrome/114.0.0.0 YaBrowser/23.7.4.971 Yowser/2.5 Safari/537.36"
213.180.203.8 - - [04/Sep/2023:08:07:36 +0300] "POST /subcategory/Detskaya-odezhda HTTP/1.0" 200 45194 "https://xn--h1adnen0b.com/subcategory/Detskaya-odezhda" "Mozilla/5.0 (compatible; YandexRenderResourcesBot/1.0; +http://yandex.com/bots) AppleWebKit/537.36 (KHTML, like Gecko) Chrome/108.0.0.0"
93.171.156.35 - - [04/Sep/2023:08:07:42 +0300] "GET /cron HTTP/1.0" 200 - "https://xn--h1adnen0b.com/item?id=643159690169" "Mozilla/5.0 (Windows NT 6.1; Win64; x64) AppleWebKit/537.36 (KHTML, like Gecko) Chrome/114.0.0.0 YaBrowser/23.7.4.971 Yowser/2.5 Safari/537.36"
93.171.156.35 - - [04/Sep/2023:08:07:54 +0300] "GET /item?id=717768250630 HTTP/1.0" 200 2556052 "https://xn--h1adnen0b.com/item?id=717768250630" "Mozilla/5.0 (Windows NT 6.1; Win64; x64) AppleWebKit/537.36 (KHTML, like Gecko) Chrome/114.0.0.0 YaBrowser/23.7.4.971 Yowser/2.5 Safari/537.36"
93.171.156.35 - - [04/Sep/2023:08:07:55 +0300] "GET /lib/vendor/min/?f=js/pages/itemreviews.js HTTP/1.0" 304 - "https://xn--h1adnen0b.com/item?id=717768250630" "Mozilla/5.0 (Windows NT 6.1; Win64; x64) AppleWebKit/537.36 (KHTML, like Gecko) Chrome/114.0.0.0 YaBrowser/23.7.4.971 Yowser/2.5 Safari/537.36"
66.249.76.3 - - [04/Sep/2023:08:07:56 +0300] "GET /robots.txt HTTP/1.1" 301 162 "-" "Mozilla/5.0 (compatible; Googlebot/2.1; +http://www.google.com/bot.html)"
66.249.66.6 - - [04/Sep/2023:08:07:56 +0300] "GET /robots.txt HTTP/1.0" 200 15528 "-" "Mozilla/5.0 (compatible; Googlebot/2.1; +http://www.google.com/bot.html)"
93.171.156.35 - - [04/Sep/2023:08:07:56 +0300] "POST /?p=getprice HTTP/1.0" 200 2779 "https://xn--h1adnen0b.com/item?id=717768250630" "Mozilla/5.0 (Windows NT 6.1; Win64; x64) AppleWebKit/537.36 (KHTML, like Gecko) Chrome/114.0.0.0 YaBrowser/23.7.4.971 Yowser/2.5 Safari/537.36"
185.123.47.216 - - [04/Sep/2023:08:08:00 +0300] "POST /admin/?cmd=Reports&do=getStatistic HTTP/1.0" 200 249 "https://xn--h1adnen0b.com/admin/?cmd=Reports&do=default" "Mozilla/5.0 (Windows NT 10.0; Win64; x64) AppleWebKit/537.36 (KHTML, like Gecko) Chrome/114.0.0.0 YaBrowser/23.7.4.971 Yowser/2.5 Safari/537.36"
66.249.76.3 - - [04/Sep/2023:08:08:00 +0300] "GET /ads.txt HTTP/1.1" 301 162 "-" "Mozilla/5.0 (compatible; Googlebot/2.1; +http://www.google.com/bot.html)"
93.171.156.35 - - [04/Sep/2023:08:08:01 +0300] "GET /cron HTTP/1.0" 200 - "https://xn--h1adnen0b.com/item?id=717768250630" "Mozilla/5.0 (Windows NT 6.1; Win64; x64) AppleWebKit/537.36 (KHTML, like Gecko) Chrome/114.0.0.0 YaBrowser/23.7.4.971 Yowser/2.5 Safari/537.36"
66.249.66.8 - - [04/Sep/2023:08:08:02 +0300] "GET /ads.txt HTTP/1.0" 404 2533235 "-" "Mozilla/5.0 (compatible; Googlebot/2.1; +http://www.google.com/bot.html)"
93.171.156.35 - - [04/Sep/2023:08:07:47 +0300] "GET /item?id=643159690169 HTTP/1.0" 200 23621 "https://xn--h1adnen0b.com/item?id=643159690169" "Mozilla/5.0 (Windows NT 6.1; Win64; x64) AppleWebKit/537.36 (KHTML, like Gecko) Chrome/114.0.0.0 YaBrowser/23.7.4.971 Yowser/2.5 Safari/537.36"
93.171.156.35 - - [04/Sep/2023:08:08:04 +0300] "GET /search?vid=%E6%B0%B4%E6%B4%8B%E8%89%BE%E5%BC%97%E7%89%B9%E8%BF%90%E5%8A%A8%E4%B8%93%E8%90%A5%E5%BA%97&from=320 HTTP/1.0" 200 2517234 "https://xn--h1adnen0b.com/item?id=618615544554" "Mozilla/5.0 (Windows NT 6.1; Win64; x64) AppleWebKit/537.36 (KHTML, like Gecko) Chrome/114.0.0.0 YaBrowser/23.7.4.971 Yowser/2.5 Safari/537.36"
93.171.156.35 - - [04/Sep/2023:08:08:06 +0300] "GET /lib/vendor/min/?f=css/vendor/jquery.raty.css HTTP/1.0" 304 - "https://xn--h1adnen0b.com/search?vid=%E6%B0%B4%E6%B4%8B%E8%89%BE%E5%BC%97%E7%89%B9%E8%BF%90%E5%8A%A8%E4%B8%93%E8%90%A5%E5%BA%97&from=320" "Mozilla/5.0 (Windows NT 6.1; Win64; x64) AppleWebKit/537.36 (KHTML, like Gecko) Chrome/114.0.0.0 YaBrowser/23.7.4.971 Yowser/2.5 Safari/537.36"
93.171.156.35 - - [04/Sep/2023:08:08:06 +0300] "GET /lib/vendor/min/?f=js/vendor/jquery.raty.js HTTP/1.0" 304 - "https://xn--h1adnen0b.com/search?vid=%E6%B0%B4%E6%B4%8B%E8%89%BE%E5%BC%97%E7%89%B9%E8%BF%90%E5%8A%A8%E4%B8%93%E8%90%A5%E5%BA%97&from=320" "Mozilla/5.0 (Windows NT 6.1; Win64; x64) AppleWebKit/537.36 (KHTML, like Gecko) Chrome/114.0.0.0 YaBrowser/23.7.4.971 Yowser/2.5 Safari/537.36"
93.171.156.35 - - [04/Sep/2023:08:08:06 +0300] "GET /lib/vendor/min/?f=js/vendor/jquery.ba-resize.js HTTP/1.0" 304 - "https://xn--h1adnen0b.com/search?vid=%E6%B0%B4%E6%B4%8B%E8%89%BE%E5%BC%97%E7%89%B9%E8%BF%90%E5%8A%A8%E4%B8%93%E8%90%A5%E5%BA%97&from=320" "Mozilla/5.0 (Windows NT 6.1; Win64; x64) AppleWebKit/537.36 (KHTML, like Gecko) Chrome/114.0.0.0 YaBrowser/23.7.4.971 Yowser/2.5 Safari/537.36"
93.171.156.35 - - [04/Sep/2023:08:08:07 +0300] "POST /search?vid=%E6%B0%B4%E6%B4%8B%E8%89%BE%E5%BC%97%E7%89%B9%E8%BF%90%E5%8A%A8%E4%B8%93%E8%90%A5%E5%BA%97&from=320 HTTP/1.0" 200 392047 "https://xn--h1adnen0b.com/search?vid=%E6%B0%B4%E6%B4%8B%E8%89%BE%E5%BC%97%E7%89%B9%E8%BF%90%E5%8A%A8%E4%B8%93%E8%90%A5%E5%BA%97&from=320" "Mozilla/5.0 (Windows NT 6.1; Win64; x64) AppleWebKit/537.36 (KHTML, like Gecko) Chrome/114.0.0.0 YaBrowser/23.7.4.971 Yowser/2.5 Safari/537.36"
95.108.213.240 - - [04/Sep/2023:08:08:08 +0300] "POST /subcategory/Uplotnitelnaya-rezinka HTTP/1.0" 200 431972 "https://xn--h1adnen0b.com/subcategory/Uplotnitelnaya-rezinka" "Mozilla/5.0 (compatible; YandexRenderResourcesBot/1.0; +http://yandex.com/bots) AppleWebKit/537.36 (KHTML, like Gecko) Chrome/108.0.0.0"
93.171.156.35 - - [04/Sep/2023:08:08:11 +0300] "GET /cron HTTP/1.0" 200 - "https://xn--h1adnen0b.com/search?vid=%E6%B0%B4%E6%B4%8B%E8%89%BE%E5%BC%97%E7%89%B9%E8%BF%90%E5%8A%A8%E4%B8%93%E8%90%A5%E5%BA%97&from=320" "Mozilla/5.0 (Windows NT 6.1; Win64; x64) AppleWebKit/537.36 (KHTML, like Gecko) Chrome/114.0.0.0 YaBrowser/23.7.4.971 Yowser/2.5 Safari/537.36"
178.46.203.246 - - [04/Sep/2023:08:08:21 +0300] "GET /subcategory/Obuv HTTP/1.0" 200 6954 "https://yandex.ru/" "Mozilla/5.0 (Windows NT 10.0; Win64; x64) AppleWebKit/537.36 (KHTML, like Gecko) Chrome/116.0.0.0 Safari/537.36"
178.46.203.246 - - [04/Sep/2023:08:08:22 +0300] "POST /robots.txt HTTP/1.0" 200 15528 "https://xn--h1adnen0b.com/subcategory/Obuv" "Mozilla/5.0 (Windows NT 10.0; Win64; x64) AppleWebKit/537.36 (KHTML, like Gecko) Chrome/116.0.0.0 Safari/537.36"
178.46.203.246 - - [04/Sep/2023:08:08:22 +0300] "GET /favicon.ico HTTP/1.0" 200 4286 "https://xn--h1adnen0b.com/subcategory/Obuv" "Mozilla/5.0 (Windows NT 10.0; Win64; x64) AppleWebKit/537.36 (KHTML, like Gecko) Chrome/116.0.0.0 Safari/537.36"
93.171.156.35 - - [04/Sep/2023:08:08:29 +0300] "POST /search?vid=%E6%B0%B4%E6%B4%8B%E8%89%BE%E5%BC%97%E7%89%B9%E8%BF%90%E5%8A%A8%E4%B8%93%E8%90%A5%E5%BA%97&from=360 HTTP/1.0" 200 368656 "https://xn--h1adnen0b.com/search?vid=%E6%B0%B4%E6%B4%8B%E8%89%BE%E5%BC%97%E7%89%B9%E8%BF%90%E5%8A%A8%E4%B8%93%E8%90%A5%E5%BA%97&from=320" "Mozilla/5.0 (Windows NT 6.1; Win64; x64) AppleWebKit/537.36 (KHTML, like Gecko) Chrome/114.0.0.0 YaBrowser/23.7.4.971 Yowser/2.5 Safari/537.36"
178.46.203.246 - - [04/Sep/2023:08:08:31 +0300] "POST /subcategory/Obuv?utm_referrer=https%3A%2F%2Fyandex.ru%2F HTTP/1.0" 200 95 "https://xn--h1adnen0b.com/subcategory/Obuv" "Mozilla/5.0 (Windows NT 10.0; Win64; x64) AppleWebKit/537.36 (KHTML, like Gecko) Chrome/116.0.0.0 Safari/537.36"
178.46.203.246 - - [04/Sep/2023:08:08:31 +0300] "GET /subcategory/Obuv?utm_referrer=https%3A%2F%2Fyandex.ru%2F HTTP/1.0" 200 2518683 "https://xn--h1adnen0b.com/subcategory/Obuv?utm_referrer=https%3A%2F%2Fyandex.ru%2F" "Mozilla/5.0 (Windows NT 10.0; Win64; x64) AppleWebKit/537.36 (KHTML, like Gecko) Chrome/116.0.0.0 Safari/537.36"
178.46.203.246 - - [04/Sep/2023:08:08:32 +0300] "GET /js/vendor/jquery-2.1.4.min.js?1.14.0 HTTP/1.1" 200 29796 "https://xn--h1adnen0b.com/subcategory/Obuv?utm_referrer=https%3A%2F%2Fyandex.ru%2F" "Mozilla/5.0 (Windows NT 10.0; Win64; x64) AppleWebKit/537.36 (KHTML, like Gecko) Chrome/116.0.0.0 Safari/537.36"
178.46.203.246 - - [04/Sep/2023:08:08:32 +0300] "GET /uploaded/logo/lologo7_2.png HTTP/1.1" 200 5618 "https://xn--h1adnen0b.com/subcategory/Obuv?utm_referrer=https%3A%2F%2Fyandex.ru%2F" "Mozilla/5.0 (Windows NT 10.0; Win64; x64) AppleWebKit/537.36 (KHTML, like Gecko) Chrome/116.0.0.0 Safari/537.36"
178.46.203.246 - - [04/Sep/2023:08:08:32 +0300] "GET /js/vendor/jquery-ui-1.11.4/jquery-ui.min.js?1.14.0 HTTP/1.1" 200 64727 "https://xn--h1adnen0b.com/subcategory/Obuv?utm_referrer=https%3A%2F%2Fyandex.ru%2F" "Mozilla/5.0 (Windows NT 10.0; Win64; x64) AppleWebKit/537.36 (KHTML, like Gecko) Chrome/116.0.0.0 Safari/537.36"
178.46.203.246 - - [04/Sep/2023:08:08:32 +0300] "GET /lib/vendor/min/?g=style.css&path=/themes/lite/config HTTP/1.0" 200 71959 "https://xn--h1adnen0b.com/subcategory/Obuv?utm_referrer=https%3A%2F%2Fyandex.ru%2F" "Mozilla/5.0 (Windows NT 10.0; Win64; x64) AppleWebKit/537.36 (KHTML, like Gecko) Chrome/116.0.0.0 Safari/537.36"
178.46.203.246 - - [04/Sep/2023:08:08:32 +0300] "GET /lib/vendor/min/?f=css/vendor/jquery.raty.css HTTP/1.0" 200 328 "https://xn--h1adnen0b.com/subcategory/Obuv?utm_referrer=https%3A%2F%2Fyandex.ru%2F" "Mozilla/5.0 (Windows NT 10.0; Win64; x64) AppleWebKit/537.36 (KHTML, like Gecko) Chrome/116.0.0.0 Safari/537.36"
178.46.203.246 - - [04/Sep/2023:08:08:32 +0300] "GET /lib/vendor/min/?f=css/style/paginator.css HTTP/1.0" 200 392 "https://xn--h1adnen0b.com/subcategory/Obuv?utm_referrer=https%3A%2F%2Fyandex.ru%2F" "Mozilla/5.0 (Windows NT 10.0; Win64; x64) AppleWebKit/537.36 (KHTML, like Gecko) Chrome/116.0.0.0 Safari/537.36"
178.46.203.246 - - [04/Sep/2023:08:08:32 +0300] "GET /lib/vendor/min/?f=/themes/lite/css/screen-custom.css HTTP/1.0" 200 15390 "https://xn--h1adnen0b.com/subcategory/Obuv?utm_referrer=https%3A%2F%2Fyandex.ru%2F" "Mozilla/5.0 (Windows NT 10.0; Win64; x64) AppleWebKit/537.36 (KHTML, like Gecko) Chrome/116.0.0.0 Safari/537.36"
178.46.203.246 - - [04/Sep/2023:08:08:32 +0300] "GET /css/i/ajax-loader-white.gif HTTP/1.1" 200 10882 "https://xn--h1adnen0b.com/subcategory/Obuv?utm_referrer=https%3A%2F%2Fyandex.ru%2F" "Mozilla/5.0 (Windows NT 10.0; Win64; x64) AppleWebKit/537.36 (KHTML, like Gecko) Chrome/116.0.0.0 Safari/537.36"
178.46.203.246 - - [04/Sep/2023:08:08:32 +0300] "GET /lib/vendor/min/?g=general.js&path=/themes/lite/config HTTP/1.0" 200 58506 "https://xn--h1adnen0b.com/subcategory/Obuv?utm_referrer=https%3A%2F%2Fyandex.ru%2F" "Mozilla/5.0 (Windows NT 10.0; Win64; x64) AppleWebKit/537.36 (KHTML, like Gecko) Chrome/116.0.0.0 Safari/537.36"
178.46.203.246 - - [04/Sep/2023:08:08:32 +0300] "GET /lib/vendor/min/?f=js/vendor/jquery.raty.js HTTP/1.0" 200 3817 "https://xn--h1adnen0b.com/subcategory/Obuv?utm_referrer=https%3A%2F%2Fyandex.ru%2F" "Mozilla/5.0 (Windows NT 10.0; Win64; x64) AppleWebKit/537.36 (KHTML, like Gecko) Chrome/116.0.0.0 Safari/537.36"
178.46.203.246 - - [04/Sep/2023:08:08:32 +0300] "GET /lib/vendor/min/?f=js/inner.js HTTP/1.0" 200 668 "https://xn--h1adnen0b.com/subcategory/Obuv?utm_referrer=https%3A%2F%2Fyandex.ru%2F" "Mozilla/5.0 (Windows NT 10.0; Win64; x64) AppleWebKit/537.36 (KHTML, like Gecko) Chrome/116.0.0.0 Safari/537.36"
178.46.203.246 - - [04/Sep/2023:08:08:33 +0300] "GET /images/sizes.png HTTP/1.1" 200 7668 "https://xn--h1adnen0b.com/subcategory/Obuv?utm_referrer=https%3A%2F%2Fyandex.ru%2F" "Mozilla/5.0 (Windows NT 10.0; Win64; x64) AppleWebKit/537.36 (KHTML, like Gecko) Chrome/116.0.0.0 Safari/537.36"
178.46.203.246 - - [04/Sep/2023:08:08:35 +0300] "GET /css/fonts/glyphicons-halflings-regular.woff2 HTTP/1.0" 200 18028 "https://xn--h1adnen0b.com/lib/vendor/min/?g=style.css&path=/themes/lite/config" "Mozilla/5.0 (Windows NT 10.0; Win64; x64) AppleWebKit/537.36 (KHTML, like Gecko) Chrome/116.0.0.0 Safari/537.36"
178.46.203.246 - - [04/Sep/2023:08:08:35 +0300] "GET /css/vendor/font-awesome/fontawesome-webfont.woff?v=3.2.0 HTTP/1.0" 200 43572 "https://xn--h1adnen0b.com/lib/vendor/min/?g=style.css&path=/themes/lite/config" "Mozilla/5.0 (Windows NT 10.0; Win64; x64) AppleWebKit/537.36 (KHTML, like Gecko) Chrome/116.0.0.0 Safari/537.36"
178.46.203.246 - - [04/Sep/2023:08:08:35 +0300] "GET /packages/ImageSearch/camera.png HTTP/1.1" 200 89888 "https://xn--h1adnen0b.com/subcategory/Obuv?utm_referrer=https%3A%2F%2Fyandex.ru%2F" "Mozilla/5.0 (Windows NT 10.0; Win64; x64) AppleWebKit/537.36 (KHTML, like Gecko) Chrome/116.0.0.0 Safari/537.36"
178.46.203.246 - - [04/Sep/2023:08:08:36 +0300] "GET /favicon.svg HTTP/1.1" 200 1984 "https://xn--h1adnen0b.com/subcategory/Obuv?utm_referrer=https%3A%2F%2Fyandex.ru%2F" "Mozilla/5.0 (Windows NT 10.0; Win64; x64) AppleWebKit/537.36 (KHTML, like Gecko) Chrome/116.0.0.0 Safari/537.36"
178.46.203.246 - - [04/Sep/2023:08:08:35 +0300] "POST /subcategory/Obuv?utm_referrer=https%3A%2F%2Fyandex.ru%2F HTTP/1.0" 200 25453 "https://xn--h1adnen0b.com/subcategory/Obuv?utm_referrer=https%3A%2F%2Fyandex.ru%2F" "Mozilla/5.0 (Windows NT 10.0; Win64; x64) AppleWebKit/537.36 (KHTML, like Gecko) Chrome/116.0.0.0 Safari/537.36"
178.46.203.246 - - [04/Sep/2023:08:08:37 +0300] "GET /css/i/background.png HTTP/1.1" 200 22394 "https://xn--h1adnen0b.com/lib/vendor/min/?g=style.css&path=/themes/lite/config" "Mozilla/5.0 (Windows NT 10.0; Win64; x64) AppleWebKit/537.36 (KHTML, like Gecko) Chrome/116.0.0.0 Safari/537.36"
178.46.203.246 - - [04/Sep/2023:08:08:40 +0300] "GET /cron HTTP/1.0" 200 - "https://xn--h1adnen0b.com/subcategory/Obuv?utm_referrer=https%3A%2F%2Fyandex.ru%2F" "Mozilla/5.0 (Windows NT 10.0; Win64; x64) AppleWebKit/537.36 (KHTML, like Gecko) Chrome/116.0.0.0 Safari/537.36"
93.171.156.35 - - [04/Sep/2023:08:08:53 +0300] "GET /item?id=618615544554 HTTP/1.0" 200 2560595 "https://xn--h1adnen0b.com/subcategory/osnovaniya-raketok-otc-1201?from=9880" "Mozilla/5.0 (Windows NT 6.1; Win64; x64) AppleWebKit/537.36 (KHTML, like Gecko) Chrome/114.0.0.0 YaBrowser/23.7.4.971 Yowser/2.5 Safari/537.36"
93.171.156.35 - - [04/Sep/2023:08:08:55 +0300] "POST /?p=getprice HTTP/1.0" 200 2787 "https://xn--h1adnen0b.com/item?id=618615544554" "Mozilla/5.0 (Windows NT 6.1; Win64; x64) AppleWebKit/537.36 (KHTML, like Gecko) Chrome/114.0.0.0 YaBrowser/23.7.4.971 Yowser/2.5 Safari/537.36"
178.46.203.246 - - [04/Sep/2023:08:08:58 +0300] "GET /subcategory/womens-shoes HTTP/1.0" 200 2517410 "https://xn--h1adnen0b.com/subcategory/Obuv?utm_referrer=https%3A%2F%2Fyandex.ru%2F" "Mozilla/5.0 (Windows NT 10.0; Win64; x64) AppleWebKit/537.36 (KHTML, like Gecko) Chrome/116.0.0.0 Safari/537.36"
93.171.156.35 - - [04/Sep/2023:08:09:00 +0300] "GET /cron HTTP/1.0" 200 - "https://xn--h1adnen0b.com/item?id=618615544554" "Mozilla/5.0 (Windows NT 6.1; Win64; x64) AppleWebKit/537.36 (KHTML, like Gecko) Chrome/114.0.0.0 YaBrowser/23.7.4.971 Yowser/2.5 Safari/537.36"
178.46.203.246 - - [04/Sep/2023:08:08:59 +0300] "POST /subcategory/womens-shoes HTTP/1.0" 200 444672 "https://xn--h1adnen0b.com/subcategory/womens-shoes" "Mozilla/5.0 (Windows NT 10.0; Win64; x64) AppleWebKit/537.36 (KHTML, like Gecko) Chrome/116.0.0.0 Safari/537.36"
185.123.47.216 - - [04/Sep/2023:08:09:00 +0300] "POST /admin/?cmd=Reports&do=getStatistic HTTP/1.0" 200 249 "https://xn--h1adnen0b.com/admin/?cmd=Reports&do=default" "Mozilla/5.0 (Windows NT 10.0; Win64; x64) AppleWebKit/537.36 (KHTML, like Gecko) Chrome/114.0.0.0 YaBrowser/23.7.4.971 Yowser/2.5 Safari/537.36"
178.46.203.246 - - [04/Sep/2023:08:09:02 +0300] "GET /i/hearts/level_18.gif HTTP/1.1" 200 1346 "https://xn--h1adnen0b.com/lib/vendor/min/?g=style.css&path=/themes/lite/config" "Mozilla/5.0 (Windows NT 10.0; Win64; x64) AppleWebKit/537.36 (KHTML, like Gecko) Chrome/116.0.0.0 Safari/537.36"
178.46.203.246 - - [04/Sep/2023:08:09:03 +0300] "GET /i/hearts/level_16.gif HTTP/1.1" 200 1052 "https://xn--h1adnen0b.com/lib/vendor/min/?g=style.css&path=/themes/lite/config" "Mozilla/5.0 (Windows NT 10.0; Win64; x64) AppleWebKit/537.36 (KHTML, like Gecko) Chrome/116.0.0.0 Safari/537.36"
178.46.203.246 - - [04/Sep/2023:08:09:03 +0300] "GET /i/hearts/level_14.gif HTTP/1.1" 200 1022 "https://xn--h1adnen0b.com/lib/vendor/min/?g=style.css&path=/themes/lite/config" "Mozilla/5.0 (Windows NT 10.0; Win64; x64) AppleWebKit/537.36 (KHTML, like Gecko) Chrome/116.0.0.0 Safari/537.36"
178.46.203.246 - - [04/Sep/2023:08:09:04 +0300] "GET /cron HTTP/1.0" 200 - "https://xn--h1adnen0b.com/subcategory/womens-shoes" "Mozilla/5.0 (Windows NT 10.0; Win64; x64) AppleWebKit/537.36 (KHTML, like Gecko) Chrome/116.0.0.0 Safari/537.36"
95.108.213.219 - - [04/Sep/2023:08:09:12 +0300] "GET /subcategory/Obuv HTTP/1.0" 200 2518683 "-" "Mozilla/5.0 (compatible; YandexBot/3.0; +http://yandex.com/bots) AppleWebKit/537.36 (KHTML, like Gecko) Chrome/108.0.0.0"
87.250.224.34 - - [04/Sep/2023:08:09:16 +0300] "POST /subcategory/Obuv HTTP/1.0" 200 25413 "https://xn--h1adnen0b.com/subcategory/Obuv" "Mozilla/5.0 (compatible; YandexRenderResourcesBot/1.0; +http://yandex.com/bots) AppleWebKit/537.36 (KHTML, like Gecko) Chrome/108.0.0.0"
93.171.156.35 - - [04/Sep/2023:08:09:34 +0300] "GET /subcategory/osnovaniya-raketok-otc-1201?from=9880 HTTP/1.0" 200 2517344 "https://xn--h1adnen0b.com/" "Mozilla/5.0 (Windows NT 6.1; Win64; x64) AppleWebKit/537.36 (KHTML, like Gecko) Chrome/114.0.0.0 YaBrowser/23.7.4.971 Yowser/2.5 Safari/537.36"
93.171.156.35 - - [04/Sep/2023:08:09:35 +0300] "POST /subcategory/osnovaniya-raketok-otc-1201?from=9880 HTTP/1.0" 200 363847 "https://xn--h1adnen0b.com/subcategory/osnovaniya-raketok-otc-1201?from=9880" "Mozilla/5.0 (Windows NT 6.1; Win64; x64) AppleWebKit/537.36 (KHTML, like Gecko) Chrome/114.0.0.0 YaBrowser/23.7.4.971 Yowser/2.5 Safari/537.36"
93.171.156.35 - - [04/Sep/2023:08:09:40 +0300] "GET /cron HTTP/1.0" 200 - "https://xn--h1adnen0b.com/subcategory/osnovaniya-raketok-otc-1201?from=9880" "Mozilla/5.0 (Windows NT 6.1; Win64; x64) AppleWebKit/537.36 (KHTML, like Gecko) Chrome/114.0.0.0 YaBrowser/23.7.4.971 Yowser/2.5 Safari/537.36"
178.46.203.246 - - [04/Sep/2023:08:09:44 +0300] "GET /item?id=541346129672 HTTP/1.0" 200 2592419 "https://xn--h1adnen0b.com/subcategory/womens-shoes" "Mozilla/5.0 (Windows NT 10.0; Win64; x64) AppleWebKit/537.36 (KHTML, like Gecko) Chrome/116.0.0.0 Safari/537.36"
178.46.203.246 - - [04/Sep/2023:08:09:45 +0300] "GET /i/ajax-loader-transparent.gif HTTP/1.1" 200 3208 "https://xn--h1adnen0b.com/item?id=541346129672" "Mozilla/5.0 (Windows NT 10.0; Win64; x64) AppleWebKit/537.36 (KHTML, like Gecko) Chrome/116.0.0.0 Safari/537.36"
178.46.203.246 - - [04/Sep/2023:08:09:45 +0300] "GET /js/item.js?1.14.0 HTTP/1.1" 200 8499 "https://xn--h1adnen0b.com/item?id=541346129672" "Mozilla/5.0 (Windows NT 10.0; Win64; x64) AppleWebKit/537.36 (KHTML, like Gecko) Chrome/116.0.0.0 Safari/537.36"
178.46.203.246 - - [04/Sep/2023:08:09:45 +0300] "GET /css/vendor/jquery.raty.css?1.14.0 HTTP/1.1" 200 973 "https://xn--h1adnen0b.com/item?id=541346129672" "Mozilla/5.0 (Windows NT 10.0; Win64; x64) AppleWebKit/537.36 (KHTML, like Gecko) Chrome/116.0.0.0 Safari/537.36"
178.46.203.246 - - [04/Sep/2023:08:09:45 +0300] "GET /js/vendor/jquery.raty.js?1.14.0 HTTP/1.1" 200 4543 "https://xn--h1adnen0b.com/item?id=541346129672" "Mozilla/5.0 (Windows NT 10.0; Win64; x64) AppleWebKit/537.36 (KHTML, like Gecko) Chrome/116.0.0.0 Safari/537.36"
178.46.203.246 - - [04/Sep/2023:08:09:45 +0300] "GET /css/i/i.png HTTP/1.1" 200 15124 "https://xn--h1adnen0b.com/lib/vendor/min/?g=style.css&path=/themes/lite/config" "Mozilla/5.0 (Windows NT 10.0; Win64; x64) AppleWebKit/537.36 (KHTML, like Gecko) Chrome/116.0.0.0 Safari/537.36"
