46.216.169.49 - - [04/Sep/2023:05:55:37 +0300] "GET /cron HTTP/1.0" 200 - "https://xn--h1adnen0b.com/item?id=641904511029" "Mozilla/5.0 (Linux; Android 11; SM-M127F Build/RP1A.200720.012) AppleWebKit/537.36 (KHTML, like Gecko) Chrome/87.0.4280.141 Mobile Safari/537.36 YaApp_Android/10.51 YaSearchBrowser/10.51"
5.255.231.61 - - [04/Sep/2023:05:56:09 +0300] "GET /subcategory/otc-55355 HTTP/1.0" 302 - "-" "Mozilla/5.0 (compatible; YandexBot/3.0; +http://yandex.com/bots)"
213.180.203.8 - - [04/Sep/2023:05:56:12 +0300] "GET /404 HTTP/1.0" 200 2533446 "-" "Mozilla/5.0 (compatible; YandexBot/3.0; +http://yandex.com/bots)"
46.216.169.49 - - [04/Sep/2023:05:56:22 +0300] "POST /subcategory/otc-4127?layout=list HTTP/1.0" 200 443095 "https://xn--h1adnen0b.com/subcategory/otc-4127?layout=list" "Mozilla/5.0 (Linux; Android 11; SM-M127F Build/RP1A.200720.012) AppleWebKit/537.36 (KHTML, like Gecko) Chrome/87.0.4280.141 Mobile Safari/537.36 YaApp_Android/10.51 YaSearchBrowser/10.51"
46.216.169.49 - - [04/Sep/2023:05:56:24 +0300] "POST /subcategory/otc-4127 HTTP/1.0" 200 416220 "https://xn--h1adnen0b.com/subcategory/otc-4127" "Mozilla/5.0 (Linux; Android 11; SM-M127F Build/RP1A.200720.012) AppleWebKit/537.36 (KHTML, like Gecko) Chrome/87.0.4280.141 Mobile Safari/537.36 YaApp_Android/10.51 YaSearchBrowser/10.51"
46.216.169.49 - - [04/Sep/2023:05:56:25 +0300] "POST /subcategory/otc-4127 HTTP/1.0" 200 416238 "https://xn--h1adnen0b.com/subcategory/otc-4127" "Mozilla/5.0 (Linux; Android 11; SM-M127F Build/RP1A.200720.012) AppleWebKit/537.36 (KHTML, like Gecko) Chrome/87.0.4280.141 Mobile Safari/537.36 YaApp_Android/10.51 YaSearchBrowser/10.51"
46.216.169.49 - - [04/Sep/2023:05:56:26 +0300] "GET /?utm_referrer=http%3A%2F%2Fyandex.ru%2Fsearchapp%3Ftext%3D HTTP/1.0" 200 5000045 "https://xn--h1adnen0b.com/?utm_referrer=http%3A%2F%2Fyandex.ru%2Fsearchapp%3Ftext%3D" "Mozilla/5.0 (Linux; Android 11; SM-M127F Build/RP1A.200720.012) AppleWebKit/537.36 (KHTML, like Gecko) Chrome/87.0.4280.141 Mobile Safari/537.36 YaApp_Android/10.51 YaSearchBrowser/10.51"
46.216.169.49 - - [04/Sep/2023:05:56:27 +0300] "GET / HTTP/1.0" 200 5000045 "http://yandex.ru/searchapp?text=" "Mozilla/5.0 (Linux; Android 11; SM-M127F Build/RP1A.200720.012) AppleWebKit/537.36 (KHTML, like Gecko) Chrome/87.0.4280.141 Mobile Safari/537.36 YaApp_Android/10.51 YaSearchBrowser/10.51"
95.108.213.240 - - [04/Sep/2023:05:57:15 +0300] "GET /subcategory/otc-4127 HTTP/1.0" 200 2517330 "-" "Mozilla/5.0 (compatible; YandexBot/3.0; +http://yandex.com/bots)"
95.108.213.219 - - [04/Sep/2023:05:57:41 +0300] "GET /Penaly-dlya-shkoly HTTP/1.0" 200 2541604 "-" "Mozilla/5.0 (compatible; YandexBot/3.0; +http://yandex.com/bots) AppleWebKit/537.36 (KHTML, like Gecko) Chrome/108.0.0.0"
81.17.18.106 - - [04/Sep/2023:05:59:48 +0300] "GET /.aws/credentials.ini HTTP/1.0" 200 223 "-" "Mozilla/5.0 (Linux; Android 9; ONEPLUS A5010 Build/PKQ1.180716.001; wv) AppleWebKit/537.36 (KHTML, like Gecko) Version/4.0 Chrome/66.0.3359.126 MQQBrowser/6.2 TBS/044807 Mobile Safari/537.36 MMWEBID/1699 MicroMessenger/7.0.6.1460(0x27000634) Process/tools NetType/4G Language/zh_CN"
5.255.231.196 - - [04/Sep/2023:05:59:54 +0300] "GET / HTTP/1.1" 301 162 "-" "Mozilla/5.0 (compatible; YandexMetrika/2.0; +http://yandex.com/bots yabs01)"
87.250.224.34 - - [04/Sep/2023:05:59:54 +0300] "GET / HTTP/1.0" 200 5000045 "-" "Mozilla/5.0 (compatible; YandexMetrika/2.0; +http://yandex.com/bots yabs01)"
95.108.213.162 - - [04/Sep/2023:06:00:27 +0300] "GET /subcategory/korrektiruyuschaya-odezhda-dlya-raznyh-chastey-tela-50012776 HTTP/1.0" 200 2517445 "-" "Mozilla/5.0 (compatible; YandexBot/3.0; +http://yandex.com/bots)"
128.204.66.128 - - [04/Sep/2023:06:02:13 +0300] "GET / HTTP/1.0" 200 6915 "https://www.google.com/" "Mozilla/5.0 (Linux; Android 10; K) AppleWebKit/537.36 (KHTML, like Gecko) Chrome/115.0.0.0 Mobile Safari/537.36"
5.255.231.59 - - [04/Sep/2023:06:09:11 +0300] "GET / HTTP/1.1" 301 162 "-" "Mozilla/5.0 (compatible; YandexMetrika/2.0; +http://yandex.com/bots yabs01)"
213.180.203.185 - - [04/Sep/2023:06:09:11 +0300] "GET / HTTP/1.0" 200 5000045 "-" "Mozilla/5.0 (compatible; YandexMetrika/2.0; +http://yandex.com/bots yabs01)"
94.19.251.231 - - [04/Sep/2023:06:10:36 +0300] "GET /favicon.ico HTTP/1.0" 200 4286 "-" "Mozilla/5.0 (Windows NT 10.0) AppleWebKit/537.36 (KHTML, like Gecko) Chrome/114.0.0.0 YaBrowser/23.7.4.972 Yowser/2.5 Safari/537.36"
207.46.13.221 - - [04/Sep/2023:06:13:14 +0300] "GET /subcategory/gutsin-otc-4923 HTTP/1.0" 403 229 "-" "Mozilla/5.0 AppleWebKit/537.36 (KHTML, like Gecko; compatible; bingbot/2.0; +http://www.bing.com/bingbot.htm) Chrome/103.0.5060.134 Safari/537.36"
40.77.167.73 - - [04/Sep/2023:06:13:55 +0300] "GET /contact HTTP/1.0" 403 209 "-" "Mozilla/5.0 AppleWebKit/537.36 (KHTML, like Gecko; compatible; bingbot/2.0; +http://www.bing.com/bingbot.htm) Chrome/103.0.5060.134 Safari/537.36"
216.244.66.239 - - [04/Sep/2023:06:14:33 +0300] "GET /robots.txt HTTP/1.1" 301 162 "-" "Mozilla/5.0 (compatible; DotBot/1.2; +https://opensiteexplorer.org/dotbot; help@moz.com)"
216.244.66.239 - - [04/Sep/2023:06:14:34 +0300] "GET /robots.txt HTTP/1.0" 403 212 "-" "Mozilla/5.0 (compatible; DotBot/1.2; +https://opensiteexplorer.org/dotbot; help@moz.com)"
87.250.224.53 - - [04/Sep/2023:06:17:46 +0300] "GET /subcategory/podshipniki-tyagi-rolika-otc-7104 HTTP/1.0" 200 2517730 "-" "Mozilla/5.0 (compatible; YandexBot/3.0; +http://yandex.com/bots) AppleWebKit/537.36 (KHTML, like Gecko) Chrome/108.0.0.0"
5.255.231.246 - - [04/Sep/2023:06:17:49 +0300] "GET /js/vendor/jquery-ui-1.11.4/jquery-ui.min.js?1.14.0 HTTP/1.1" 200 64727 "https://xn--h1adnen0b.com/subcategory/podshipniki-tyagi-rolika-otc-7104" "Mozilla/5.0 (compatible; YandexRenderResourcesBot/1.0; +http://yandex.com/bots) AppleWebKit/537.36 (KHTML, like Gecko) Chrome/108.0.0.0"
5.255.231.92 - - [04/Sep/2023:06:17:54 +0300] "GET /lib/vendor/min/?g=general.js&path=/themes/lite/config HTTP/1.0" 200 58506 "https://xn--h1adnen0b.com/subcategory/podshipniki-tyagi-rolika-otc-7104" "Mozilla/5.0 (compatible; YandexRenderResourcesBot/1.0; +http://yandex.com/bots) AppleWebKit/537.36 (KHTML, like Gecko) Chrome/108.0.0.0"
87.250.224.51 - - [04/Sep/2023:06:17:59 +0300] "GET /lib/vendor/min/?f=js/vendor/jquery.raty.js HTTP/1.0" 200 3817 "https://xn--h1adnen0b.com/subcategory/podshipniki-tyagi-rolika-otc-7104" "Mozilla/5.0 (compatible; YandexRenderResourcesBot/1.0; +http://yandex.com/bots) AppleWebKit/537.36 (KHTML, like Gecko) Chrome/108.0.0.0"
5.255.231.182 - - [04/Sep/2023:06:18:04 +0300] "POST /subcategory/podshipniki-tyagi-rolika-otc-7104 HTTP/1.0" 200 353413 "https://xn--h1adnen0b.com/subcategory/podshipniki-tyagi-rolika-otc-7104" "Mozilla/5.0 (compatible; YandexRenderResourcesBot/1.0; +http://yandex.com/bots) AppleWebKit/537.36 (KHTML, like Gecko) Chrome/108.0.0.0"
5.255.231.147 - - [04/Sep/2023:06:19:36 +0300] "GET / HTTP/1.1" 301 162 "-" "Mozilla/5.0 (compatible; YandexMetrika/2.0; +http://yandex.com/bots yabs01)"
213.180.203.45 - - [04/Sep/2023:06:19:36 +0300] "GET / HTTP/1.0" 200 5000045 "-" "Mozilla/5.0 (compatible; YandexMetrika/2.0; +http://yandex.com/bots yabs01)"
95.108.213.82 - - [04/Sep/2023:06:23:36 +0300] "GET /subcategory/otc-57198 HTTP/1.0" 200 2517272 "-" "Mozilla/5.0 (compatible; YandexBot/3.0; +http://yandex.com/bots)"
31.180.172.82 - - [04/Sep/2023:06:24:21 +0300] "GET /subcategory/gutsin-otc-4923 HTTP/1.1" 301 162 "-" "Mozilla/5.0 (Windows NT 10.0; Win64; x64) AppleWebKit/537.36 (KHTML, like Gecko) Chrome/115.0.0.0 Safari/537.36 OPR/101.0.0.0 (Edition Yx 05)"
31.180.172.82 - - [04/Sep/2023:06:24:21 +0300] "GET /subcategory/gutsin-otc-4923 HTTP/1.0" 200 6972 "-" "Mozilla/5.0 (Windows NT 10.0; Win64; x64) AppleWebKit/537.36 (KHTML, like Gecko) Chrome/115.0.0.0 Safari/537.36 OPR/101.0.0.0 (Edition Yx 05)"
31.180.172.82 - - [04/Sep/2023:06:24:21 +0300] "POST /robots.txt HTTP/1.0" 200 15528 "https://xn--h1adnen0b.com/subcategory/gutsin-otc-4923" "Mozilla/5.0 (Windows NT 10.0; Win64; x64) AppleWebKit/537.36 (KHTML, like Gecko) Chrome/115.0.0.0 Safari/537.36 OPR/101.0.0.0 (Edition Yx 05)"
37.110.4.91 - - [04/Sep/2023:06:24:32 +0300] "GET /subcategory/Bytovaya-tehnika HTTP/1.1" 301 162 "-" "Mozilla/5.0 (Windows NT 10.0; Win64; x64; ) AppleWebKit/537.36 (KHTML, like Gecko) Chrome/116.0.5845.141 Chrome/116.0.5845.141 Not)A;Brand/24  Safari/537.36"
37.110.4.91 - - [04/Sep/2023:06:24:32 +0300] "GET /subcategory/Bytovaya-tehnika HTTP/1.0" 200 6981 "-" "Mozilla/5.0 (Windows NT 10.0; Win64; x64; ) AppleWebKit/537.36 (KHTML, like Gecko) Chrome/116.0.5845.141 Chrome/116.0.5845.141 Not)A;Brand/24  Safari/537.36"
37.110.4.91 - - [04/Sep/2023:06:24:34 +0300] "POST /robots.txt HTTP/1.0" 200 15528 "https://xn--h1adnen0b.com/subcategory/Bytovaya-tehnika" "Mozilla/5.0 (Windows NT 10.0; Win64; x64; ) AppleWebKit/537.36 (KHTML, like Gecko) Chrome/116.0.5845.141 Chrome/116.0.5845.141 Not)A;Brand/24  Safari/537.36"
176.50.93.110 - - [04/Sep/2023:06:24:52 +0300] "GET /subcategory/1688-na-russkom-Melkiy-i-krupnyy-opt HTTP/1.0" 200 7062 "https://yandex.ru/" "Mozilla/5.0 (Windows NT 10.0; Win64; x64) AppleWebKit/537.36 (KHTML, like Gecko) Chrome/109.0.0.0 Safari/537.36"
176.50.93.110 - - [04/Sep/2023:06:24:53 +0300] "POST /robots.txt HTTP/1.0" 200 15528 "https://xn--h1adnen0b.com/subcategory/1688-na-russkom-Melkiy-i-krupnyy-opt" "Mozilla/5.0 (Windows NT 10.0; Win64; x64) AppleWebKit/537.36 (KHTML, like Gecko) Chrome/109.0.0.0 Safari/537.36"
176.50.93.110 - - [04/Sep/2023:06:24:53 +0300] "GET /favicon.ico HTTP/1.0" 200 4286 "https://xn--h1adnen0b.com/subcategory/1688-na-russkom-Melkiy-i-krupnyy-opt" "Mozilla/5.0 (Windows NT 10.0; Win64; x64) AppleWebKit/537.36 (KHTML, like Gecko) Chrome/109.0.0.0 Safari/537.36"
80.83.238.113 - - [04/Sep/2023:06:25:03 +0300] "GET / HTTP/1.0" 200 6935 "https://yandex.ru/" "Mozilla/5.0 (Linux; arm_64; Android 11; CTR-LX1) AppleWebKit/537.36 (KHTML, like Gecko) Chrome/114.0.0.0 YaBrowser/23.7.7.58.00 SA/3 Mobile Safari/537.36"
176.50.93.110 - - [04/Sep/2023:06:25:03 +0300] "POST /subcategory/1688-na-russkom-Melkiy-i-krupnyy-opt?utm_referrer=https%3A%2F%2Fyandex.ru%2F HTTP/1.0" 200 127 "https://xn--h1adnen0b.com/subcategory/1688-na-russkom-Melkiy-i-krupnyy-opt" "Mozilla/5.0 (Windows NT 10.0; Win64; x64) AppleWebKit/537.36 (KHTML, like Gecko) Chrome/109.0.0.0 Safari/537.36"
80.83.238.113 - - [04/Sep/2023:06:25:04 +0300] "POST /robots.txt HTTP/1.0" 200 15528 "https://xn--h1adnen0b.com/" "Mozilla/5.0 (Linux; arm_64; Android 11; CTR-LX1) AppleWebKit/537.36 (KHTML, like Gecko) Chrome/114.0.0.0 YaBrowser/23.7.7.58.00 SA/3 Mobile Safari/537.36"
80.83.238.113 - - [04/Sep/2023:06:25:04 +0300] "GET /favicon.ico HTTP/1.0" 200 4286 "https://xn--h1adnen0b.com/" "Mozilla/5.0 (Linux; arm_64; Android 11; CTR-LX1) AppleWebKit/537.36 (KHTML, like Gecko) Chrome/114.0.0.0 YaBrowser/23.7.7.58.00 SA/3 Mobile Safari/537.36"
176.50.93.110 - - [04/Sep/2023:06:25:04 +0300] "GET /subcategory/1688-na-russkom-Melkiy-i-krupnyy-opt?utm_referrer=https%3A%2F%2Fyandex.ru%2F HTTP/1.0" 200 2518596 "https://xn--h1adnen0b.com/subcategory/1688-na-russkom-Melkiy-i-krupnyy-opt?utm_referrer=https%3A%2F%2Fyandex.ru%2F" "Mozilla/5.0 (Windows NT 10.0; Win64; x64) AppleWebKit/537.36 (KHTML, like Gecko) Chrome/109.0.0.0 Safari/537.36"
176.50.93.110 - - [04/Sep/2023:06:25:05 +0300] "GET /js/vendor/jquery-2.1.4.min.js?1.14.0 HTTP/1.1" 200 29796 "https://xn--h1adnen0b.com/subcategory/1688-na-russkom-Melkiy-i-krupnyy-opt?utm_referrer=https%3A%2F%2Fyandex.ru%2F" "Mozilla/5.0 (Windows NT 10.0; Win64; x64) AppleWebKit/537.36 (KHTML, like Gecko) Chrome/109.0.0.0 Safari/537.36"
176.50.93.110 - - [04/Sep/2023:06:25:05 +0300] "GET /js/vendor/jquery-ui-1.11.4/jquery-ui.min.js?1.14.0 HTTP/1.1" 200 64727 "https://xn--h1adnen0b.com/subcategory/1688-na-russkom-Melkiy-i-krupnyy-opt?utm_referrer=https%3A%2F%2Fyandex.ru%2F" "Mozilla/5.0 (Windows NT 10.0; Win64; x64) AppleWebKit/537.36 (KHTML, like Gecko) Chrome/109.0.0.0 Safari/537.36"
176.50.93.110 - - [04/Sep/2023:06:25:05 +0300] "GET /lib/vendor/min/?f=/themes/lite/css/screen-custom.css HTTP/1.0" 200 15390 "https://xn--h1adnen0b.com/subcategory/1688-na-russkom-Melkiy-i-krupnyy-opt?utm_referrer=https%3A%2F%2Fyandex.ru%2F" "Mozilla/5.0 (Windows NT 10.0; Win64; x64) AppleWebKit/537.36 (KHTML, like Gecko) Chrome/109.0.0.0 Safari/537.36"
176.50.93.110 - - [04/Sep/2023:06:25:05 +0300] "GET /lib/vendor/min/?f=css/style/paginator.css HTTP/1.0" 200 392 "https://xn--h1adnen0b.com/subcategory/1688-na-russkom-Melkiy-i-krupnyy-opt?utm_referrer=https%3A%2F%2Fyandex.ru%2F" "Mozilla/5.0 (Windows NT 10.0; Win64; x64) AppleWebKit/537.36 (KHTML, like Gecko) Chrome/109.0.0.0 Safari/537.36"
176.50.93.110 - - [04/Sep/2023:06:25:05 +0300] "GET /lib/vendor/min/?g=style.css&path=/themes/lite/config HTTP/1.0" 200 71959 "https://xn--h1adnen0b.com/subcategory/1688-na-russkom-Melkiy-i-krupnyy-opt?utm_referrer=https%3A%2F%2Fyandex.ru%2F" "Mozilla/5.0 (Windows NT 10.0; Win64; x64) AppleWebKit/537.36 (KHTML, like Gecko) Chrome/109.0.0.0 Safari/537.36"
176.50.93.110 - - [04/Sep/2023:06:25:05 +0300] "GET /lib/vendor/min/?f=css/vendor/jquery.raty.css HTTP/1.0" 200 328 "https://xn--h1adnen0b.com/subcategory/1688-na-russkom-Melkiy-i-krupnyy-opt?utm_referrer=https%3A%2F%2Fyandex.ru%2F" "Mozilla/5.0 (Windows NT 10.0; Win64; x64) AppleWebKit/537.36 (KHTML, like Gecko) Chrome/109.0.0.0 Safari/537.36"
176.50.93.110 - - [04/Sep/2023:06:25:06 +0300] "GET /lib/vendor/min/?g=general.js&path=/themes/lite/config HTTP/1.0" 200 58506 "https://xn--h1adnen0b.com/subcategory/1688-na-russkom-Melkiy-i-krupnyy-opt?utm_referrer=https%3A%2F%2Fyandex.ru%2F" "Mozilla/5.0 (Windows NT 10.0; Win64; x64) AppleWebKit/537.36 (KHTML, like Gecko) Chrome/109.0.0.0 Safari/537.36"
176.50.93.110 - - [04/Sep/2023:06:25:06 +0300] "GET /uploaded/logo/lologo7_2.png HTTP/1.1" 200 5618 "https://xn--h1adnen0b.com/subcategory/1688-na-russkom-Melkiy-i-krupnyy-opt?utm_referrer=https%3A%2F%2Fyandex.ru%2F" "Mozilla/5.0 (Windows NT 10.0; Win64; x64) AppleWebKit/537.36 (KHTML, like Gecko) Chrome/109.0.0.0 Safari/537.36"
176.50.93.110 - - [04/Sep/2023:06:25:06 +0300] "GET /css/i/ajax-loader-white.gif HTTP/1.1" 200 10882 "https://xn--h1adnen0b.com/subcategory/1688-na-russkom-Melkiy-i-krupnyy-opt?utm_referrer=https%3A%2F%2Fyandex.ru%2F" "Mozilla/5.0 (Windows NT 10.0; Win64; x64) AppleWebKit/537.36 (KHTML, like Gecko) Chrome/109.0.0.0 Safari/537.36"
176.50.93.110 - - [04/Sep/2023:06:25:06 +0300] "GET /images/sizes.png HTTP/1.1" 200 7668 "https://xn--h1adnen0b.com/subcategory/1688-na-russkom-Melkiy-i-krupnyy-opt?utm_referrer=https%3A%2F%2Fyandex.ru%2F" "Mozilla/5.0 (Windows NT 10.0; Win64; x64) AppleWebKit/537.36 (KHTML, like Gecko) Chrome/109.0.0.0 Safari/537.36"
176.50.93.110 - - [04/Sep/2023:06:25:06 +0300] "GET /lib/vendor/min/?f=js/vendor/jquery.raty.js HTTP/1.0" 200 3817 "https://xn--h1adnen0b.com/subcategory/1688-na-russkom-Melkiy-i-krupnyy-opt?utm_referrer=https%3A%2F%2Fyandex.ru%2F" "Mozilla/5.0 (Windows NT 10.0; Win64; x64) AppleWebKit/537.36 (KHTML, like Gecko) Chrome/109.0.0.0 Safari/537.36"
176.50.93.110 - - [04/Sep/2023:06:25:06 +0300] "GET /lib/vendor/min/?f=js/inner.js HTTP/1.0" 200 668 "https://xn--h1adnen0b.com/subcategory/1688-na-russkom-Melkiy-i-krupnyy-opt?utm_referrer=https%3A%2F%2Fyandex.ru%2F" "Mozilla/5.0 (Windows NT 10.0; Win64; x64) AppleWebKit/537.36 (KHTML, like Gecko) Chrome/109.0.0.0 Safari/537.36"
176.50.93.110 - - [04/Sep/2023:06:25:06 +0300] "GET /css/fonts/glyphicons-halflings-regular.woff2 HTTP/1.0" 200 18028 "https://xn--h1adnen0b.com/lib/vendor/min/?g=style.css&path=/themes/lite/config" "Mozilla/5.0 (Windows NT 10.0; Win64; x64) AppleWebKit/537.36 (KHTML, like Gecko) Chrome/109.0.0.0 Safari/537.36"
176.50.93.110 - - [04/Sep/2023:06:25:07 +0300] "GET /css/vendor/font-awesome/fontawesome-webfont.woff?v=3.2.0 HTTP/1.0" 200 43572 "https://xn--h1adnen0b.com/lib/vendor/min/?g=style.css&path=/themes/lite/config" "Mozilla/5.0 (Windows NT 10.0; Win64; x64) AppleWebKit/537.36 (KHTML, like Gecko) Chrome/109.0.0.0 Safari/537.36"
176.50.93.110 - - [04/Sep/2023:06:25:07 +0300] "GET /packages/ImageSearch/camera.png HTTP/1.1" 200 89888 "https://xn--h1adnen0b.com/subcategory/1688-na-russkom-Melkiy-i-krupnyy-opt?utm_referrer=https%3A%2F%2Fyandex.ru%2F" "Mozilla/5.0 (Windows NT 10.0; Win64; x64) AppleWebKit/537.36 (KHTML, like Gecko) Chrome/109.0.0.0 Safari/537.36"
176.50.93.110 - - [04/Sep/2023:06:25:08 +0300] "GET /favicon.svg HTTP/1.1" 200 1984 "https://xn--h1adnen0b.com/subcategory/1688-na-russkom-Melkiy-i-krupnyy-opt?utm_referrer=https%3A%2F%2Fyandex.ru%2F" "Mozilla/5.0 (Windows NT 10.0; Win64; x64) AppleWebKit/537.36 (KHTML, like Gecko) Chrome/109.0.0.0 Safari/537.36"
176.50.93.110 - - [04/Sep/2023:06:25:07 +0300] "POST /subcategory/1688-na-russkom-Melkiy-i-krupnyy-opt?utm_referrer=https%3A%2F%2Fyandex.ru%2F HTTP/1.0" 200 35262 "https://xn--h1adnen0b.com/subcategory/1688-na-russkom-Melkiy-i-krupnyy-opt?utm_referrer=https%3A%2F%2Fyandex.ru%2F" "Mozilla/5.0 (Windows NT 10.0; Win64; x64) AppleWebKit/537.36 (KHTML, like Gecko) Chrome/109.0.0.0 Safari/537.36"
176.50.93.110 - - [04/Sep/2023:06:25:08 +0300] "GET /css/i/background.png HTTP/1.1" 200 22394 "https://xn--h1adnen0b.com/lib/vendor/min/?g=style.css&path=/themes/lite/config" "Mozilla/5.0 (Windows NT 10.0; Win64; x64) AppleWebKit/537.36 (KHTML, like Gecko) Chrome/109.0.0.0 Safari/537.36"
80.83.238.113 - - [04/Sep/2023:06:25:11 +0300] "POST /?utm_referrer=https%3A%2F%2Fyandex.ru%2F HTTP/1.0" 200 79 "https://xn--h1adnen0b.com/" "Mozilla/5.0 (Linux; arm_64; Android 11; CTR-LX1) AppleWebKit/537.36 (KHTML, like Gecko) Chrome/114.0.0.0 YaBrowser/23.7.7.58.00 SA/3 Mobile Safari/537.36"
176.50.93.110 - - [04/Sep/2023:06:25:12 +0300] "GET /cron HTTP/1.0" 200 - "https://xn--h1adnen0b.com/subcategory/1688-na-russkom-Melkiy-i-krupnyy-opt?utm_referrer=https%3A%2F%2Fyandex.ru%2F" "Mozilla/5.0 (Windows NT 10.0; Win64; x64) AppleWebKit/537.36 (KHTML, like Gecko) Chrome/109.0.0.0 Safari/537.36"
80.83.238.113 - - [04/Sep/2023:06:25:12 +0300] "GET /?utm_referrer=https%3A%2F%2Fyandex.ru%2F HTTP/1.0" 200 5000045 "https://xn--h1adnen0b.com/?utm_referrer=https%3A%2F%2Fyandex.ru%2F" "Mozilla/5.0 (Linux; arm_64; Android 11; CTR-LX1) AppleWebKit/537.36 (KHTML, like Gecko) Chrome/114.0.0.0 YaBrowser/23.7.7.58.00 SA/3 Mobile Safari/537.36"
80.83.238.113 - - [04/Sep/2023:06:25:13 +0300] "GET /js/vendor/jquery-2.1.4.min.js?1.14.0 HTTP/1.1" 200 29796 "https://xn--h1adnen0b.com/?utm_referrer=https%3A%2F%2Fyandex.ru%2F" "Mozilla/5.0 (Linux; arm_64; Android 11; CTR-LX1) AppleWebKit/537.36 (KHTML, like Gecko) Chrome/114.0.0.0 YaBrowser/23.7.7.58.00 SA/3 Mobile Safari/537.36"
80.83.238.113 - - [04/Sep/2023:06:25:13 +0300] "GET /lib/vendor/min/?f=css/style/paginator.css HTTP/1.0" 200 392 "https://xn--h1adnen0b.com/?utm_referrer=https%3A%2F%2Fyandex.ru%2F" "Mozilla/5.0 (Linux; arm_64; Android 11; CTR-LX1) AppleWebKit/537.36 (KHTML, like Gecko) Chrome/114.0.0.0 YaBrowser/23.7.7.58.00 SA/3 Mobile Safari/537.36"
80.83.238.113 - - [04/Sep/2023:06:25:13 +0300] "GET /lib/vendor/min/?f=/themes/lite/css/screen-custom.css HTTP/1.0" 200 15390 "https://xn--h1adnen0b.com/?utm_referrer=https%3A%2F%2Fyandex.ru%2F" "Mozilla/5.0 (Linux; arm_64; Android 11; CTR-LX1) AppleWebKit/537.36 (KHTML, like Gecko) Chrome/114.0.0.0 YaBrowser/23.7.7.58.00 SA/3 Mobile Safari/537.36"
80.83.238.113 - - [04/Sep/2023:06:25:13 +0300] "GET /lib/vendor/min/?g=style.css&path=/themes/lite/config HTTP/1.0" 200 71959 "https://xn--h1adnen0b.com/?utm_referrer=https%3A%2F%2Fyandex.ru%2F" "Mozilla/5.0 (Linux; arm_64; Android 11; CTR-LX1) AppleWebKit/537.36 (KHTML, like Gecko) Chrome/114.0.0.0 YaBrowser/23.7.7.58.00 SA/3 Mobile Safari/537.36"
80.83.238.113 - - [04/Sep/2023:06:25:13 +0300] "GET /js/vendor/jquery-ui-1.11.4/jquery-ui.min.js?1.14.0 HTTP/1.1" 200 64727 "https://xn--h1adnen0b.com/?utm_referrer=https%3A%2F%2Fyandex.ru%2F" "Mozilla/5.0 (Linux; arm_64; Android 11; CTR-LX1) AppleWebKit/537.36 (KHTML, like Gecko) Chrome/114.0.0.0 YaBrowser/23.7.7.58.00 SA/3 Mobile Safari/537.36"
80.83.238.113 - - [04/Sep/2023:06:25:14 +0300] "GET /lib/vendor/min/?g=general.js&path=/themes/lite/config HTTP/1.0" 200 58506 "https://xn--h1adnen0b.com/?utm_referrer=https%3A%2F%2Fyandex.ru%2F" "Mozilla/5.0 (Linux; arm_64; Android 11; CTR-LX1) AppleWebKit/537.36 (KHTML, like Gecko) Chrome/114.0.0.0 YaBrowser/23.7.7.58.00 SA/3 Mobile Safari/537.36"
80.83.238.113 - - [04/Sep/2023:06:25:14 +0300] "GET /uploaded/logo/lologo7_2.png HTTP/1.1" 200 5618 "https://xn--h1adnen0b.com/?utm_referrer=https%3A%2F%2Fyandex.ru%2F" "Mozilla/5.0 (Linux; arm_64; Android 11; CTR-LX1) AppleWebKit/537.36 (KHTML, like Gecko) Chrome/114.0.0.0 YaBrowser/23.7.7.58.00 SA/3 Mobile Safari/537.36"
80.83.238.113 - - [04/Sep/2023:06:25:14 +0300] "GET /css/i/ajax-loader-white.gif HTTP/1.1" 200 10882 "https://xn--h1adnen0b.com/?utm_referrer=https%3A%2F%2Fyandex.ru%2F" "Mozilla/5.0 (Linux; arm_64; Android 11; CTR-LX1) AppleWebKit/537.36 (KHTML, like Gecko) Chrome/114.0.0.0 YaBrowser/23.7.7.58.00 SA/3 Mobile Safari/537.36"
80.83.238.113 - - [04/Sep/2023:06:25:14 +0300] "GET /images/sizes.png HTTP/1.1" 200 7668 "https://xn--h1adnen0b.com/?utm_referrer=https%3A%2F%2Fyandex.ru%2F" "Mozilla/5.0 (Linux; arm_64; Android 11; CTR-LX1) AppleWebKit/537.36 (KHTML, like Gecko) Chrome/114.0.0.0 YaBrowser/23.7.7.58.00 SA/3 Mobile Safari/537.36"
80.83.238.113 - - [04/Sep/2023:06:25:14 +0300] "GET /css/i/ajax-loader.gif HTTP/1.1" 200 3208 "https://xn--h1adnen0b.com/?utm_referrer=https%3A%2F%2Fyandex.ru%2F" "Mozilla/5.0 (Linux; arm_64; Android 11; CTR-LX1) AppleWebKit/537.36 (KHTML, like Gecko) Chrome/114.0.0.0 YaBrowser/23.7.7.58.00 SA/3 Mobile Safari/537.36"
80.83.238.113 - - [04/Sep/2023:06:25:14 +0300] "GET /css/fonts/glyphicons-halflings-regular.woff2 HTTP/1.0" 200 18028 "https://xn--h1adnen0b.com/lib/vendor/min/?g=style.css&path=/themes/lite/config" "Mozilla/5.0 (Linux; arm_64; Android 11; CTR-LX1) AppleWebKit/537.36 (KHTML, like Gecko) Chrome/114.0.0.0 YaBrowser/23.7.7.58.00 SA/3 Mobile Safari/537.36"
80.83.238.113 - - [04/Sep/2023:06:25:14 +0300] "GET /uploaded/banners/1688-skidki_2.jpg HTTP/1.1" 200 57584 "https://xn--h1adnen0b.com/?utm_referrer=https%3A%2F%2Fyandex.ru%2F" "Mozilla/5.0 (Linux; arm_64; Android 11; CTR-LX1) AppleWebKit/537.36 (KHTML, like Gecko) Chrome/114.0.0.0 YaBrowser/23.7.7.58.00 SA/3 Mobile Safari/537.36"
80.83.238.113 - - [04/Sep/2023:06:25:14 +0300] "GET /uploaded/banners/1688-interesnaya-odezhda_2.jpg HTTP/1.1" 200 54879 "https://xn--h1adnen0b.com/?utm_referrer=https%3A%2F%2Fyandex.ru%2F" "Mozilla/5.0 (Linux; arm_64; Android 11; CTR-LX1) AppleWebKit/537.36 (KHTML, like Gecko) Chrome/114.0.0.0 YaBrowser/23.7.7.58.00 SA/3 Mobile Safari/537.36"
80.83.238.113 - - [04/Sep/2023:06:25:14 +0300] "GET /uploaded/banners/rasprodazha_2.jpg HTTP/1.1" 200 47034 "https://xn--h1adnen0b.com/?utm_referrer=https%3A%2F%2Fyandex.ru%2F" "Mozilla/5.0 (Linux; arm_64; Android 11; CTR-LX1) AppleWebKit/537.36 (KHTML, like Gecko) Chrome/114.0.0.0 YaBrowser/23.7.7.58.00 SA/3 Mobile Safari/537.36"
80.83.238.113 - - [04/Sep/2023:06:25:14 +0300] "GET /css/vendor/font-awesome/fontawesome-webfont.woff?v=3.2.0 HTTP/1.0" 200 43572 "https://xn--h1adnen0b.com/lib/vendor/min/?g=style.css&path=/themes/lite/config" "Mozilla/5.0 (Linux; arm_64; Android 11; CTR-LX1) AppleWebKit/537.36 (KHTML, like Gecko) Chrome/114.0.0.0 YaBrowser/23.7.7.58.00 SA/3 Mobile Safari/537.36"
80.83.238.113 - - [04/Sep/2023:06:25:15 +0300] "GET /favicon.svg HTTP/1.1" 200 1984 "https://xn--h1adnen0b.com/?utm_referrer=https%3A%2F%2Fyandex.ru%2F" "Mozilla/5.0 (Linux; arm_64; Android 11; CTR-LX1) AppleWebKit/537.36 (KHTML, like Gecko) Chrome/114.0.0.0 YaBrowser/23.7.7.58.00 SA/3 Mobile Safari/537.36"
80.83.238.113 - - [04/Sep/2023:06:25:15 +0300] "GET /packages/ImageSearch/camera.png HTTP/1.1" 200 89888 "https://xn--h1adnen0b.com/?utm_referrer=https%3A%2F%2Fyandex.ru%2F" "Mozilla/5.0 (Linux; arm_64; Android 11; CTR-LX1) AppleWebKit/537.36 (KHTML, like Gecko) Chrome/114.0.0.0 YaBrowser/23.7.7.58.00 SA/3 Mobile Safari/537.36"
80.83.238.113 - - [04/Sep/2023:06:25:15 +0300] "GET /content-section/default?route=sets%2Frender-pristroy-sets&cache=0 HTTP/1.0" 200 11 "https://xn--h1adnen0b.com/?utm_referrer=https%3A%2F%2Fyandex.ru%2F" "Mozilla/5.0 (Linux; arm_64; Android 11; CTR-LX1) AppleWebKit/537.36 (KHTML, like Gecko) Chrome/114.0.0.0 YaBrowser/23.7.7.58.00 SA/3 Mobile Safari/537.36"
80.83.238.113 - - [04/Sep/2023:06:25:19 +0300] "GET /cron HTTP/1.0" 200 - "https://xn--h1adnen0b.com/?utm_referrer=https%3A%2F%2Fyandex.ru%2F" "Mozilla/5.0 (Linux; arm_64; Android 11; CTR-LX1) AppleWebKit/537.36 (KHTML, like Gecko) Chrome/114.0.0.0 YaBrowser/23.7.7.58.00 SA/3 Mobile Safari/537.36"
80.83.238.113 - - [04/Sep/2023:06:25:41 +0300] "GET /subcategory/Osveshchenie-doma-i-na-ulice HTTP/1.0" 200 2517775 "https://xn--h1adnen0b.com/?utm_referrer=https%3A%2F%2Fyandex.ru%2F" "Mozilla/5.0 (Linux; arm_64; Android 11; CTR-LX1) AppleWebKit/537.36 (KHTML, like Gecko) Chrome/114.0.0.0 YaBrowser/23.7.7.58.00 SA/3 Mobile Safari/537.36"
80.83.238.113 - - [04/Sep/2023:06:25:44 +0300] "GET /subcategory/Osveshchenie-doma-i-na-ulice HTTP/1.0" 200 2517775 "https://xn--h1adnen0b.com/?utm_referrer=https%3A%2F%2Fyandex.ru%2F" "Mozilla/5.0 (Linux; arm_64; Android 11; CTR-LX1) AppleWebKit/537.36 (KHTML, like Gecko) Chrome/114.0.0.0 YaBrowser/23.7.7.58.00 SA/3 Mobile Safari/537.36"
80.83.238.113 - - [04/Sep/2023:06:25:46 +0300] "GET /lib/vendor/min/?f=css/vendor/jquery.raty.css HTTP/1.0" 200 328 "https://xn--h1adnen0b.com/subcategory/Osveshchenie-doma-i-na-ulice" "Mozilla/5.0 (Linux; arm_64; Android 11; CTR-LX1) AppleWebKit/537.36 (KHTML, like Gecko) Chrome/114.0.0.0 YaBrowser/23.7.7.58.00 SA/3 Mobile Safari/537.36"
80.83.238.113 - - [04/Sep/2023:06:25:46 +0300] "GET /lib/vendor/min/?f=js/vendor/jquery.raty.js HTTP/1.0" 200 3817 "https://xn--h1adnen0b.com/subcategory/Osveshchenie-doma-i-na-ulice" "Mozilla/5.0 (Linux; arm_64; Android 11; CTR-LX1) AppleWebKit/537.36 (KHTML, like Gecko) Chrome/114.0.0.0 YaBrowser/23.7.7.58.00 SA/3 Mobile Safari/537.36"
80.83.238.113 - - [04/Sep/2023:06:25:47 +0300] "GET /lib/vendor/min/?f=js/inner.js HTTP/1.0" 200 668 "https://xn--h1adnen0b.com/subcategory/Osveshchenie-doma-i-na-ulice" "Mozilla/5.0 (Linux; arm_64; Android 11; CTR-LX1) AppleWebKit/537.36 (KHTML, like Gecko) Chrome/114.0.0.0 YaBrowser/23.7.7.58.00 SA/3 Mobile Safari/537.36"
80.83.238.113 - - [04/Sep/2023:06:25:47 +0300] "POST /subcategory/Osveshchenie-doma-i-na-ulice HTTP/1.0" 200 462795 "https://xn--h1adnen0b.com/subcategory/Osveshchenie-doma-i-na-ulice" "Mozilla/5.0 (Linux; arm_64; Android 11; CTR-LX1) AppleWebKit/537.36 (KHTML, like Gecko) Chrome/114.0.0.0 YaBrowser/23.7.7.58.00 SA/3 Mobile Safari/537.36"
5.255.231.160 - - [04/Sep/2023:06:25:50 +0300] "GET / HTTP/1.0" 200 5000045 "-" "Mozilla/5.0 (compatible; YandexBot/3.0; +http://yandex.com/bots) AppleWebKit/537.36 (KHTML, like Gecko) Chrome/108.0.0.0"
213.183.236.17 - - [04/Sep/2023:06:25:51 +0300] "GET / HTTP/1.0" 200 223 "-" "-"
80.83.238.113 - - [04/Sep/2023:06:25:52 +0300] "GET /cron HTTP/1.0" 200 - "https://xn--h1adnen0b.com/subcategory/Osveshchenie-doma-i-na-ulice" "Mozilla/5.0 (Linux; arm_64; Android 11; CTR-LX1) AppleWebKit/537.36 (KHTML, like Gecko) Chrome/114.0.0.0 YaBrowser/23.7.7.58.00 SA/3 Mobile Safari/537.36"
80.83.238.113 - - [04/Sep/2023:06:25:53 +0300] "GET /i/hearts/level_20.gif HTTP/1.1" 200 1551 "https://xn--h1adnen0b.com/lib/vendor/min/?g=style.css&path=/themes/lite/config" "Mozilla/5.0 (Linux; arm_64; Android 11; CTR-LX1) AppleWebKit/537.36 (KHTML, like Gecko) Chrome/114.0.0.0 YaBrowser/23.7.7.58.00 SA/3 Mobile Safari/537.36"
80.83.238.113 - - [04/Sep/2023:06:25:53 +0300] "GET /item?id=19673666660 HTTP/1.0" 200 2951216 "https://xn--h1adnen0b.com/subcategory/Osveshchenie-doma-i-na-ulice" "Mozilla/5.0 (Linux; arm_64; Android 11; CTR-LX1) AppleWebKit/537.36 (KHTML, like Gecko) Chrome/114.0.0.0 YaBrowser/23.7.7.58.00 SA/3 Mobile Safari/537.36"
80.83.238.113 - - [04/Sep/2023:06:25:55 +0300] "GET /css/i/i.png HTTP/1.1" 200 15124 "https://xn--h1adnen0b.com/lib/vendor/min/?g=style.css&path=/themes/lite/config" "Mozilla/5.0 (Linux; arm_64; Android 11; CTR-LX1) AppleWebKit/537.36 (KHTML, like Gecko) Chrome/114.0.0.0 YaBrowser/23.7.7.58.00 SA/3 Mobile Safari/537.36"
80.83.238.113 - - [04/Sep/2023:06:25:55 +0300] "GET /css/i/background.png HTTP/1.1" 200 22394 "https://xn--h1adnen0b.com/lib/vendor/min/?g=style.css&path=/themes/lite/config" "Mozilla/5.0 (Linux; arm_64; Android 11; CTR-LX1) AppleWebKit/537.36 (KHTML, like Gecko) Chrome/114.0.0.0 YaBrowser/23.7.7.58.00 SA/3 Mobile Safari/537.36"
80.83.238.113 - - [04/Sep/2023:06:25:56 +0300] "GET /css/i/product-background.png HTTP/1.1" 200 6506 "https://xn--h1adnen0b.com/lib/vendor/min/?g=style.css&path=/themes/lite/config" "Mozilla/5.0 (Linux; arm_64; Android 11; CTR-LX1) AppleWebKit/537.36 (KHTML, like Gecko) Chrome/114.0.0.0 YaBrowser/23.7.7.58.00 SA/3 Mobile Safari/537.36"
80.83.238.113 - - [04/Sep/2023:06:25:56 +0300] "GET /js/item.js?1.14.0 HTTP/1.1" 200 8499 "https://xn--h1adnen0b.com/item?id=19673666660" "Mozilla/5.0 (Linux; arm_64; Android 11; CTR-LX1) AppleWebKit/537.36 (KHTML, like Gecko) Chrome/114.0.0.0 YaBrowser/23.7.7.58.00 SA/3 Mobile Safari/537.36"
80.83.238.113 - - [04/Sep/2023:06:25:56 +0300] "GET /css/vendor/jquery.raty.css?1.14.0 HTTP/1.1" 200 973 "https://xn--h1adnen0b.com/item?id=19673666660" "Mozilla/5.0 (Linux; arm_64; Android 11; CTR-LX1) AppleWebKit/537.36 (KHTML, like Gecko) Chrome/114.0.0.0 YaBrowser/23.7.7.58.00 SA/3 Mobile Safari/537.36"
80.83.238.113 - - [04/Sep/2023:06:25:56 +0300] "GET /js/vendor/jquery.raty.js?1.14.0 HTTP/1.1" 200 4543 "https://xn--h1adnen0b.com/item?id=19673666660" "Mozilla/5.0 (Linux; arm_64; Android 11; CTR-LX1) AppleWebKit/537.36 (KHTML, like Gecko) Chrome/114.0.0.0 YaBrowser/23.7.7.58.00 SA/3 Mobile Safari/537.36"
5.255.231.61 - - [04/Sep/2023:06:25:55 +0300] "GET /content-section/default?route=sets%2Frender-pristroy-sets&cache=0 HTTP/1.0" 200 11 "https://xn--h1adnen0b.com/" "Mozilla/5.0 (compatible; YandexRenderResourcesBot/1.0; +http://yandex.com/bots) AppleWebKit/537.36 (KHTML, like Gecko) Chrome/108.0.0.0"
80.83.238.113 - - [04/Sep/2023:06:25:56 +0300] "GET /lib/vendor/min/?f=js/pages/itemreviews.js HTTP/1.0" 200 1856 "https://xn--h1adnen0b.com/item?id=19673666660" "Mozilla/5.0 (Linux; arm_64; Android 11; CTR-LX1) AppleWebKit/537.36 (KHTML, like Gecko) Chrome/114.0.0.0 YaBrowser/23.7.7.58.00 SA/3 Mobile Safari/537.36"
80.83.238.113 - - [04/Sep/2023:06:25:56 +0300] "GET /i/ajax-loader-transparent.gif HTTP/1.1" 200 3208 "https://xn--h1adnen0b.com/item?id=19673666660" "Mozilla/5.0 (Linux; arm_64; Android 11; CTR-LX1) AppleWebKit/537.36 (KHTML, like Gecko) Chrome/114.0.0.0 YaBrowser/23.7.7.58.00 SA/3 Mobile Safari/537.36"
80.83.238.113 - - [04/Sep/2023:06:25:57 +0300] "GET /css/i/checked.png HTTP/1.1" 200 271 "https://xn--h1adnen0b.com/lib/vendor/min/?g=style.css&path=/themes/lite/config" "Mozilla/5.0 (Linux; arm_64; Android 11; CTR-LX1) AppleWebKit/537.36 (KHTML, like Gecko) Chrome/114.0.0.0 YaBrowser/23.7.7.58.00 SA/3 Mobile Safari/537.36"
80.83.238.113 - - [04/Sep/2023:06:25:57 +0300] "POST /?p=getprice HTTP/1.0" 200 2755 "https://xn--h1adnen0b.com/item?id=19673666660" "Mozilla/5.0 (Linux; arm_64; Android 11; CTR-LX1) AppleWebKit/537.36 (KHTML, like Gecko) Chrome/114.0.0.0 YaBrowser/23.7.7.58.00 SA/3 Mobile Safari/537.36"
80.83.238.113 - - [04/Sep/2023:06:25:59 +0300] "GET /css/i/default-image.gif HTTP/1.1" 200 3199 "https://xn--h1adnen0b.com/item?id=19673666660" "Mozilla/5.0 (Linux; arm_64; Android 11; CTR-LX1) AppleWebKit/537.36 (KHTML, like Gecko) Chrome/114.0.0.0 YaBrowser/23.7.7.58.00 SA/3 Mobile Safari/537.36"
80.83.238.113 - - [04/Sep/2023:06:26:02 +0300] "GET /cron HTTP/1.0" 200 - "https://xn--h1adnen0b.com/item?id=19673666660" "Mozilla/5.0 (Linux; arm_64; Android 11; CTR-LX1) AppleWebKit/537.36 (KHTML, like Gecko) Chrome/114.0.0.0 YaBrowser/23.7.7.58.00 SA/3 Mobile Safari/537.36"
80.83.238.113 - - [04/Sep/2023:06:26:15 +0300] "POST /subcategory/Osveshchenie-doma-i-na-ulice HTTP/1.0" 200 462795 "https://xn--h1adnen0b.com/subcategory/Osveshchenie-doma-i-na-ulice" "Mozilla/5.0 (Linux; arm_64; Android 11; CTR-LX1) AppleWebKit/537.36 (KHTML, like Gecko) Chrome/114.0.0.0 YaBrowser/23.7.7.58.00 SA/3 Mobile Safari/537.36"
80.83.238.113 - - [04/Sep/2023:06:26:16 +0300] "GET /?utm_referrer=https%3A%2F%2Fyandex.ru%2F HTTP/1.0" 200 5000045 "https://xn--h1adnen0b.com/?utm_referrer=https%3A%2F%2Fyandex.ru%2F" "Mozilla/5.0 (Linux; arm_64; Android 11; CTR-LX1) AppleWebKit/537.36 (KHTML, like Gecko) Chrome/114.0.0.0 YaBrowser/23.7.7.58.00 SA/3 Mobile Safari/537.36"
80.83.238.113 - - [04/Sep/2023:06:26:19 +0300] "GET /content-section/default?route=sets%2Frender-pristroy-sets&cache=0 HTTP/1.0" 200 11 "https://xn--h1adnen0b.com/?utm_referrer=https%3A%2F%2Fyandex.ru%2F" "Mozilla/5.0 (Linux; arm_64; Android 11; CTR-LX1) AppleWebKit/537.36 (KHTML, like Gecko) Chrome/114.0.0.0 YaBrowser/23.7.7.58.00 SA/3 Mobile Safari/537.36"
176.50.93.110 - - [04/Sep/2023:06:26:19 +0300] "GET /subcategory/Elektronnye-komponenty-prochie?virt HTTP/1.0" 200 2517176 "https://xn--h1adnen0b.com/subcategory/1688-na-russkom-Melkiy-i-krupnyy-opt?utm_referrer=https%3A%2F%2Fyandex.ru%2F" "Mozilla/5.0 (Windows NT 10.0; Win64; x64) AppleWebKit/537.36 (KHTML, like Gecko) Chrome/109.0.0.0 Safari/537.36"
176.50.93.110 - - [04/Sep/2023:06:26:22 +0300] "POST /subcategory/Elektronnye-komponenty-prochie?virt HTTP/1.0" 200 25699 "https://xn--h1adnen0b.com/subcategory/Elektronnye-komponenty-prochie?virt" "Mozilla/5.0 (Windows NT 10.0; Win64; x64) AppleWebKit/537.36 (KHTML, like Gecko) Chrome/109.0.0.0 Safari/537.36"
80.83.238.113 - - [04/Sep/2023:06:26:24 +0300] "GET /cron HTTP/1.0" 200 - "https://xn--h1adnen0b.com/?utm_referrer=https%3A%2F%2Fyandex.ru%2F" "Mozilla/5.0 (Linux; arm_64; Android 11; CTR-LX1) AppleWebKit/537.36 (KHTML, like Gecko) Chrome/114.0.0.0 YaBrowser/23.7.7.58.00 SA/3 Mobile Safari/537.36"
176.50.93.110 - - [04/Sep/2023:06:26:27 +0300] "GET /cron HTTP/1.0" 200 - "https://xn--h1adnen0b.com/subcategory/Elektronnye-komponenty-prochie?virt" "Mozilla/5.0 (Windows NT 10.0; Win64; x64) AppleWebKit/537.36 (KHTML, like Gecko) Chrome/109.0.0.0 Safari/537.36"
213.180.203.8 - - [04/Sep/2023:06:26:42 +0300] "GET /subcategory/Osveshchenie-doma-i-na-ulice HTTP/1.0" 200 2517775 "-" "Mozilla/5.0 (compatible; YandexBot/3.0; +http://yandex.com/bots) AppleWebKit/537.36 (KHTML, like Gecko) Chrome/108.0.0.0"
80.83.238.113 - - [04/Sep/2023:06:26:44 +0300] "GET / HTTP/1.0" 200 5000045 "https://yandex.ru/" "Mozilla/5.0 (Linux; arm_64; Android 11; CTR-LX1) AppleWebKit/537.36 (KHTML, like Gecko) Chrome/114.0.0.0 YaBrowser/23.7.7.58.00 SA/3 Mobile Safari/537.36"
95.108.213.240 - - [04/Sep/2023:06:26:45 +0300] "GET /lib/vendor/min/?f=js/inner.js HTTP/1.0" 200 668 "https://xn--h1adnen0b.com/subcategory/Osveshchenie-doma-i-na-ulice" "Mozilla/5.0 (compatible; YandexRenderResourcesBot/1.0; +http://yandex.com/bots) AppleWebKit/537.36 (KHTML, like Gecko) Chrome/108.0.0.0"
80.83.238.113 - - [04/Sep/2023:06:26:45 +0300] "GET /content-section/default?route=sets%2Frender-pristroy-sets&cache=0 HTTP/1.0" 200 11 "https://xn--h1adnen0b.com/" "Mozilla/5.0 (Linux; arm_64; Android 11; CTR-LX1) AppleWebKit/537.36 (KHTML, like Gecko) Chrome/114.0.0.0 YaBrowser/23.7.7.58.00 SA/3 Mobile Safari/537.36"
95.108.213.219 - - [04/Sep/2023:06:26:50 +0300] "POST /subcategory/Osveshchenie-doma-i-na-ulice HTTP/1.0" 200 462795 "https://xn--h1adnen0b.com/subcategory/Osveshchenie-doma-i-na-ulice" "Mozilla/5.0 (compatible; YandexRenderResourcesBot/1.0; +http://yandex.com/bots) AppleWebKit/537.36 (KHTML, like Gecko) Chrome/108.0.0.0"
87.250.224.34 - - [04/Sep/2023:06:26:55 +0300] "GET /subcategory/Elektronnye-komponenty-prochie HTTP/1.0" 200 2517176 "-" "Mozilla/5.0 (compatible; YandexBot/3.0; +http://yandex.com/bots) AppleWebKit/537.36 (KHTML, like Gecko) Chrome/108.0.0.0"
95.108.213.162 - - [04/Sep/2023:06:27:00 +0300] "GET /subcategory/washing-powder-otc-8161 HTTP/1.0" 200 2517584 "-" "Mozilla/5.0 (compatible; YandexBot/3.0; +http://yandex.com/bots)"
213.180.203.185 - - [04/Sep/2023:06:27:20 +0300] "POST /subcategory/Elektronnye-komponenty-prochie HTTP/1.0" 200 25694 "https://xn--h1adnen0b.com/subcategory/Elektronnye-komponenty-prochie" "Mozilla/5.0 (compatible; YandexRenderResourcesBot/1.0; +http://yandex.com/bots) AppleWebKit/537.36 (KHTML, like Gecko) Chrome/108.0.0.0"
87.250.224.53 - - [04/Sep/2023:06:29:01 +0300] "GET /subcategory/naborystakanchikovimylnic-otc-4393 HTTP/1.0" 200 2517295 "-" "Mozilla/5.0 (compatible; YandexBot/3.0; +http://yandex.com/bots)"
5.255.231.246 - - [04/Sep/2023:06:32:58 +0300] "GET /subcategory/chemodany-i-sumki-dlya-puteshestviy HTTP/1.0" 200 2517389 "-" "Mozilla/5.0 (compatible; YandexBot/3.0; +http://yandex.com/bots) AppleWebKit/537.36 (KHTML, like Gecko) Chrome/108.0.0.0"
5.255.231.92 - - [04/Sep/2023:06:33:01 +0300] "POST /subcategory/chemodany-i-sumki-dlya-puteshestviy HTTP/1.0" 200 396727 "https://xn--h1adnen0b.com/subcategory/chemodany-i-sumki-dlya-puteshestviy" "Mozilla/5.0 (compatible; YandexRenderResourcesBot/1.0; +http://yandex.com/bots) AppleWebKit/537.36 (KHTML, like Gecko) Chrome/108.0.0.0"
213.183.236.17 - - [04/Sep/2023:06:33:57 +0300] "GET / HTTP/1.0" 200 223 "-" "-"
87.250.224.51 - - [04/Sep/2023:06:33:57 +0300] "GET /subcategory/otc-1186 HTTP/1.0" 200 2517350 "-" "Mozilla/5.0 (compatible; YandexBot/3.0; +http://yandex.com/bots) AppleWebKit/537.36 (KHTML, like Gecko) Chrome/108.0.0.0"
5.255.231.182 - - [04/Sep/2023:06:34:06 +0300] "POST /subcategory/otc-1186 HTTP/1.0" 200 423617 "https://xn--h1adnen0b.com/subcategory/otc-1186" "Mozilla/5.0 (compatible; YandexRenderResourcesBot/1.0; +http://yandex.com/bots) AppleWebKit/537.36 (KHTML, like Gecko) Chrome/108.0.0.0"
95.108.213.197 - - [04/Sep/2023:06:35:59 +0300] "GET / HTTP/1.1" 301 162 "-" "Mozilla/5.0 (compatible; YandexMetrika/2.0; +http://yandex.com/bots yabs01)"
213.180.203.45 - - [04/Sep/2023:06:35:59 +0300] "GET / HTTP/1.0" 200 5000045 "-" "Mozilla/5.0 (compatible; YandexMetrika/2.0; +http://yandex.com/bots yabs01)"
178.74.109.113 - - [04/Sep/2023:06:36:22 +0300] "GET /subcategory/avtozapchasti?utm_referrer=https%3A%2F%2Fyandex.kz%2F HTTP/1.0" 200 2517180 "https://xn--h1adnen0b.com/subcategory/avtozapchasti?utm_referrer=https%3A%2F%2Fyandex.kz%2F" "Mozilla/5.0 (Linux; Android 10; K) AppleWebKit/537.36 (KHTML, like Gecko) Chrome/114.0.0.0 Mobile Safari/537.36"
45.145.117.108 - - [04/Sep/2023:06:39:53 +0300] "GET /Ferbi-Ferbi-boom HTTP/1.1" 301 162 "https://yandex.com" "Mozilla/5.0 (keys-so-bot)"
95.108.213.82 - - [04/Sep/2023:06:40:02 +0300] "GET /subcategory/otc-30601 HTTP/1.0" 302 - "-" "Mozilla/5.0 (compatible; YandexBot/3.0; +http://yandex.com/bots)"
5.255.231.160 - - [04/Sep/2023:06:40:05 +0300] "GET /404 HTTP/1.0" 200 2533446 "-" "Mozilla/5.0 (compatible; YandexBot/3.0; +http://yandex.com/bots)"
5.255.231.61 - - [04/Sep/2023:06:42:45 +0300] "GET /subcategory/metal-profile-otc-6710 HTTP/1.0" 200 2517459 "-" "Mozilla/5.0 (compatible; YandexBot/3.0; +http://yandex.com/bots)"
82.162.180.12 - - [04/Sep/2023:06:42:45 +0300] "GET /item?id=731629811550 HTTP/1.0" 200 2628775 "https://xn--h1adnen0b.com/search?search=%D0%94%D0%B8%D0%B2%D0%B0%D0%BD+%D0%B2+%D0%B3%D0%BE%D1%81%D1%82%D0%B8%D0%BD%D1%83%D1%8E&utm_referrer=https%3A%2F%2Fxn--h1adnen0b.com%2Fsearch%3Futm_referrer%3Dhttps%253A%252F%252Fxn--h1adnen0b.com%252Fsearch%253Fsearch%253D%2525D0%252594%2525D0%2525B8%2525D0%2525B2%2525D0%2525B0%2525D0%2525BD%252B%2525D0%2525B2%252B%2525D0%2525B3%2525D0%2525BE%2525D1%252581%2525D1%252582%2525D0%2525B8%2525D0%2525BD%2525D1%252583%2525D1%25258E%252B&from=440" "Mozilla/5.0 (iPhone; CPU iPhone OS 16_6 like Mac OS X) AppleWebKit/605.1.15 (KHTML, like Gecko) Version/16.6 Mobile/15E148 Safari/604.1"
82.162.180.12 - - [04/Sep/2023:06:42:44 +0300] "GET /item?id=727402314218 HTTP/1.0" 200 23859 "https://xn--h1adnen0b.com/search?search=%D0%9A%D0%BE%D0%B2%D1%91%D1%80+%D0%B2+%D0%B3%D0%BE%D1%81%D1%82%D0%B8%D0%BD%D1%83%D1%8E" "Mozilla/5.0 (iPhone; CPU iPhone OS 16_6 like Mac OS X) AppleWebKit/605.1.15 (KHTML, like Gecko) Version/16.6 Mobile/15E148 Safari/604.1"
82.162.180.12 - - [04/Sep/2023:06:42:47 +0300] "POST /?p=getprice HTTP/1.0" 200 2787 "https://xn--h1adnen0b.com/item?id=731629811550" "Mozilla/5.0 (iPhone; CPU iPhone OS 16_6 like Mac OS X) AppleWebKit/605.1.15 (KHTML, like Gecko) Version/16.6 Mobile/15E148 Safari/604.1"
82.162.180.12 - - [04/Sep/2023:06:42:52 +0300] "GET /cron HTTP/1.0" 200 - "https://xn--h1adnen0b.com/item?id=731629811550" "Mozilla/5.0 (iPhone; CPU iPhone OS 16_6 like Mac OS X) AppleWebKit/605.1.15 (KHTML, like Gecko) Version/16.6 Mobile/15E148 Safari/604.1"
176.59.137.223 - - [04/Sep/2023:06:44:54 +0300] "GET / HTTP/1.0" 200 6905 "https://yandex.ru/" "Mozilla/5.0 (Linux; Android 10; K) AppleWebKit/537.36 (KHTML, like Gecko) Chrome/116.0.0.0 Mobile Safari/537.36"
176.59.137.223 - - [04/Sep/2023:06:44:54 +0300] "POST /robots.txt HTTP/1.0" 200 15528 "https://xn--h1adnen0b.com/" "Mozilla/5.0 (Linux; Android 10; K) AppleWebKit/537.36 (KHTML, like Gecko) Chrome/116.0.0.0 Mobile Safari/537.36"
176.59.137.223 - - [04/Sep/2023:06:45:01 +0300] "POST /?utm_referrer=https%3A%2F%2Fyandex.ru%2F HTTP/1.0" 200 79 "https://xn--h1adnen0b.com/" "Mozilla/5.0 (Linux; Android 10; K) AppleWebKit/537.36 (KHTML, like Gecko) Chrome/116.0.0.0 Mobile Safari/537.36"
176.59.137.223 - - [04/Sep/2023:06:45:02 +0300] "GET /?utm_referrer=https%3A%2F%2Fyandex.ru%2F HTTP/1.0" 200 5000045 "https://xn--h1adnen0b.com/?utm_referrer=https%3A%2F%2Fyandex.ru%2F" "Mozilla/5.0 (Linux; Android 10; K) AppleWebKit/537.36 (KHTML, like Gecko) Chrome/116.0.0.0 Mobile Safari/537.36"
176.59.137.223 - - [04/Sep/2023:06:45:03 +0300] "GET /lib/vendor/min/?g=style.css&path=/themes/lite/config HTTP/1.0" 304 - "https://xn--h1adnen0b.com/?utm_referrer=https%3A%2F%2Fyandex.ru%2F" "Mozilla/5.0 (Linux; Android 10; K) AppleWebKit/537.36 (KHTML, like Gecko) Chrome/116.0.0.0 Mobile Safari/537.36"
176.59.137.223 - - [04/Sep/2023:06:45:03 +0300] "GET /lib/vendor/min/?f=css/style/paginator.css HTTP/1.0" 304 - "https://xn--h1adnen0b.com/?utm_referrer=https%3A%2F%2Fyandex.ru%2F" "Mozilla/5.0 (Linux; Android 10; K) AppleWebKit/537.36 (KHTML, like Gecko) Chrome/116.0.0.0 Mobile Safari/537.36"
176.59.137.223 - - [04/Sep/2023:06:45:03 +0300] "GET /lib/vendor/min/?f=/themes/lite/css/screen-custom.css HTTP/1.0" 304 - "https://xn--h1adnen0b.com/?utm_referrer=https%3A%2F%2Fyandex.ru%2F" "Mozilla/5.0 (Linux; Android 10; K) AppleWebKit/537.36 (KHTML, like Gecko) Chrome/116.0.0.0 Mobile Safari/537.36"
176.59.137.223 - - [04/Sep/2023:06:45:04 +0300] "GET /lib/vendor/min/?g=general.js&path=/themes/lite/config HTTP/1.0" 304 - "https://xn--h1adnen0b.com/?utm_referrer=https%3A%2F%2Fyandex.ru%2F" "Mozilla/5.0 (Linux; Android 10; K) AppleWebKit/537.36 (KHTML, like Gecko) Chrome/116.0.0.0 Mobile Safari/537.36"
176.59.137.223 - - [04/Sep/2023:06:45:05 +0300] "GET /content-section/default?route=sets%2Frender-pristroy-sets&cache=0 HTTP/1.0" 200 11 "https://xn--h1adnen0b.com/?utm_referrer=https%3A%2F%2Fyandex.ru%2F" "Mozilla/5.0 (Linux; Android 10; K) AppleWebKit/537.36 (KHTML, like Gecko) Chrome/116.0.0.0 Mobile Safari/537.36"
176.59.137.223 - - [04/Sep/2023:06:45:10 +0300] "GET /cron HTTP/1.0" 200 - "https://xn--h1adnen0b.com/?utm_referrer=https%3A%2F%2Fyandex.ru%2F" "Mozilla/5.0 (Linux; Android 10; K) AppleWebKit/537.36 (KHTML, like Gecko) Chrome/116.0.0.0 Mobile Safari/537.36"
176.59.137.223 - - [04/Sep/2023:06:45:39 +0300] "GET /subcategory/bytovaya-himiya-sredstva-gigieny HTTP/1.0" 200 23901 "https://xn--h1adnen0b.com/?utm_referrer=https%3A%2F%2Fyandex.ru%2F" "Mozilla/5.0 (Linux; Android 10; K) AppleWebKit/537.36 (KHTML, like Gecko) Chrome/116.0.0.0 Mobile Safari/537.36"
176.59.137.223 - - [04/Sep/2023:06:45:39 +0300] "GET /subcategory/bytovaya-himiya-sredstva-gigieny HTTP/1.0" 200 23861 "https://xn--h1adnen0b.com/?utm_referrer=https%3A%2F%2Fyandex.ru%2F" "Mozilla/5.0 (Linux; Android 10; K) AppleWebKit/537.36 (KHTML, like Gecko) Chrome/116.0.0.0 Mobile Safari/537.36"
176.59.137.223 - - [04/Sep/2023:06:45:39 +0300] "GET /subcategory/bytovaya-himiya-sredstva-gigieny HTTP/1.0" 200 2517762 "https://xn--h1adnen0b.com/?utm_referrer=https%3A%2F%2Fyandex.ru%2F" "Mozilla/5.0 (Linux; Android 10; K) AppleWebKit/537.36 (KHTML, like Gecko) Chrome/116.0.0.0 Mobile Safari/537.36"
176.59.137.223 - - [04/Sep/2023:06:45:41 +0300] "GET /lib/vendor/min/?f=css/vendor/jquery.raty.css HTTP/1.0" 304 - "https://xn--h1adnen0b.com/subcategory/bytovaya-himiya-sredstva-gigieny" "Mozilla/5.0 (Linux; Android 10; K) AppleWebKit/537.36 (KHTML, like Gecko) Chrome/116.0.0.0 Mobile Safari/537.36"
176.59.137.223 - - [04/Sep/2023:06:45:41 +0300] "GET /lib/vendor/min/?f=js/vendor/jquery.raty.js HTTP/1.0" 304 - "https://xn--h1adnen0b.com/subcategory/bytovaya-himiya-sredstva-gigieny" "Mozilla/5.0 (Linux; Android 10; K) AppleWebKit/537.36 (KHTML, like Gecko) Chrome/116.0.0.0 Mobile Safari/537.36"
176.59.137.223 - - [04/Sep/2023:06:45:41 +0300] "GET /lib/vendor/min/?f=js/inner.js HTTP/1.0" 304 - "https://xn--h1adnen0b.com/subcategory/bytovaya-himiya-sredstva-gigieny" "Mozilla/5.0 (Linux; Android 10; K) AppleWebKit/537.36 (KHTML, like Gecko) Chrome/116.0.0.0 Mobile Safari/537.36"
176.59.137.223 - - [04/Sep/2023:06:45:42 +0300] "POST /subcategory/bytovaya-himiya-sredstva-gigieny HTTP/1.0" 200 466203 "https://xn--h1adnen0b.com/subcategory/bytovaya-himiya-sredstva-gigieny" "Mozilla/5.0 (Linux; Android 10; K) AppleWebKit/537.36 (KHTML, like Gecko) Chrome/116.0.0.0 Mobile Safari/537.36"
176.59.137.223 - - [04/Sep/2023:06:45:46 +0300] "GET /cron HTTP/1.0" 200 - "https://xn--h1adnen0b.com/subcategory/bytovaya-himiya-sredstva-gigieny" "Mozilla/5.0 (Linux; Android 10; K) AppleWebKit/537.36 (KHTML, like Gecko) Chrome/116.0.0.0 Mobile Safari/537.36"
176.59.137.223 - - [04/Sep/2023:06:45:57 +0300] "GET /?utm_referrer=https%3A%2F%2Fyandex.ru%2F HTTP/1.0" 200 5000045 "https://xn--h1adnen0b.com/?utm_referrer=https%3A%2F%2Fyandex.ru%2F" "Mozilla/5.0 (Linux; Android 10; K) AppleWebKit/537.36 (KHTML, like Gecko) Chrome/116.0.0.0 Mobile Safari/537.36"
176.59.137.223 - - [04/Sep/2023:06:45:59 +0300] "GET /content-section/default?route=sets%2Frender-pristroy-sets&cache=0 HTTP/1.0" 200 11 "https://xn--h1adnen0b.com/?utm_referrer=https%3A%2F%2Fyandex.ru%2F" "Mozilla/5.0 (Linux; Android 10; K) AppleWebKit/537.36 (KHTML, like Gecko) Chrome/116.0.0.0 Mobile Safari/537.36"
176.59.137.223 - - [04/Sep/2023:06:46:03 +0300] "GET /cron HTTP/1.0" 200 - "https://xn--h1adnen0b.com/?utm_referrer=https%3A%2F%2Fyandex.ru%2F" "Mozilla/5.0 (Linux; Android 10; K) AppleWebKit/537.36 (KHTML, like Gecko) Chrome/116.0.0.0 Mobile Safari/537.36"
176.59.137.223 - - [04/Sep/2023:06:46:12 +0300] "GET /subcategory/Elektronika-elektrotehnika?virt HTTP/1.0" 200 2517284 "https://xn--h1adnen0b.com/?utm_referrer=https%3A%2F%2Fyandex.ru%2F" "Mozilla/5.0 (Linux; Android 10; K) AppleWebKit/537.36 (KHTML, like Gecko) Chrome/116.0.0.0 Mobile Safari/537.36"
176.59.137.223 - - [04/Sep/2023:06:46:13 +0300] "POST /subcategory/Elektronika-elektrotehnika?virt HTTP/1.0" 200 24806 "https://xn--h1adnen0b.com/subcategory/Elektronika-elektrotehnika?virt" "Mozilla/5.0 (Linux; Android 10; K) AppleWebKit/537.36 (KHTML, like Gecko) Chrome/116.0.0.0 Mobile Safari/537.36"
176.59.137.223 - - [04/Sep/2023:06:46:18 +0300] "GET /cron HTTP/1.0" 200 - "https://xn--h1adnen0b.com/subcategory/Elektronika-elektrotehnika?virt" "Mozilla/5.0 (Linux; Android 10; K) AppleWebKit/537.36 (KHTML, like Gecko) Chrome/116.0.0.0 Mobile Safari/537.36"
176.59.137.223 - - [04/Sep/2023:06:46:29 +0300] "GET /?utm_referrer=https%3A%2F%2Fyandex.ru%2F HTTP/1.0" 200 5000045 "https://xn--h1adnen0b.com/?utm_referrer=https%3A%2F%2Fyandex.ru%2F" "Mozilla/5.0 (Linux; Android 10; K) AppleWebKit/537.36 (KHTML, like Gecko) Chrome/116.0.0.0 Mobile Safari/537.36"
176.59.137.223 - - [04/Sep/2023:06:46:32 +0300] "GET /content-section/default?route=sets%2Frender-pristroy-sets&cache=0 HTTP/1.0" 200 11 "https://xn--h1adnen0b.com/?utm_referrer=https%3A%2F%2Fyandex.ru%2F" "Mozilla/5.0 (Linux; Android 10; K) AppleWebKit/537.36 (KHTML, like Gecko) Chrome/116.0.0.0 Mobile Safari/537.36"
176.59.137.223 - - [04/Sep/2023:06:46:36 +0300] "GET /cron HTTP/1.0" 200 - "https://xn--h1adnen0b.com/?utm_referrer=https%3A%2F%2Fyandex.ru%2F" "Mozilla/5.0 (Linux; Android 10; K) AppleWebKit/537.36 (KHTML, like Gecko) Chrome/116.0.0.0 Mobile Safari/537.36"
213.180.203.8 - - [04/Sep/2023:06:46:41 +0300] "GET /subcategory/Elektronika-elektrotehnika HTTP/1.0" 200 2517284 "-" "Mozilla/5.0 (compatible; YandexBot/3.0; +http://yandex.com/bots) AppleWebKit/537.36 (KHTML, like Gecko) Chrome/108.0.0.0"
95.108.213.240 - - [04/Sep/2023:06:46:44 +0300] "POST /subcategory/Elektronika-elektrotehnika HTTP/1.0" 200 24801 "https://xn--h1adnen0b.com/subcategory/Elektronika-elektrotehnika" "Mozilla/5.0 (compatible; YandexRenderResourcesBot/1.0; +http://yandex.com/bots) AppleWebKit/537.36 (KHTML, like Gecko) Chrome/108.0.0.0"
176.59.137.223 - - [04/Sep/2023:06:46:53 +0300] "POST /search HTTP/1.0" 302 - "https://xn--h1adnen0b.com/?utm_referrer=https%3A%2F%2Fyandex.ru%2F" "Mozilla/5.0 (Linux; Android 10; K) AppleWebKit/537.36 (KHTML, like Gecko) Chrome/116.0.0.0 Mobile Safari/537.36"
176.59.137.223 - - [04/Sep/2023:06:46:54 +0300] "GET /search?search=%D0%9A%D0%BE%D0%BC%D0%BF%D1%8C%D1%8E%D1%82%D0%B5%D1%80%D0%BD%D1%8B%D0%B5+%D0%BA%D1%80%D0%B5%D1%81%D0%BB%D0%B0 HTTP/1.0" 200 2517325 "https://xn--h1adnen0b.com/?utm_referrer=https%3A%2F%2Fyandex.ru%2F" "Mozilla/5.0 (Linux; Android 10; K) AppleWebKit/537.36 (KHTML, like Gecko) Chrome/116.0.0.0 Mobile Safari/537.36"
